Component: Arm Compiler for Embedded 6.24 Tool: armlink [5f371500]

==============================================================================

Section Cross References

    main.o(.text.main) refers to my_queues.o(.text.SetupQueue) for SetupQueue
    main.o(.text.main) refers to ledtoggle.o(.text.prvSetupHardware) for prvSetupHardware
    main.o(.text.main) refers to main.o(.text.__NVIC_SetPriority) for __NVIC_SetPriority
    main.o(.text.main) refers to main.o(.text.__NVIC_EnableIRQ) for __NVIC_EnableIRQ
    main.o(.text.main) refers to data.o(.text.USART_Init) for USART_Init
    main.o(.text.main) refers to ledtoggle.o(.text.LEDtoggle) for LEDtoggle
    main.o(.text.main) refers to main.o(.rodata.str1.1) for .L.str
    main.o(.text.main) refers to tasks.o(.text.xTaskCreate) for xTaskCreate
    main.o(.text.main) refers to ledtoggle.o(.text.bouncyBoi) for bouncyBoi
    main.o(.text.main) refers to censor.o(.text.xUS100SensorRead) for xUS100SensorRead
    main.o(.text.main) refers to tasks.o(.text.vTaskStartScheduler) for vTaskStartScheduler
    main.o(.ARM.exidx.text.main) refers to main.o(.text.main) for [Anonymous Symbol]
    main.o(.ARM.exidx.text.__NVIC_SetPriority) refers to main.o(.text.__NVIC_SetPriority) for [Anonymous Symbol]
    main.o(.ARM.exidx.text.__NVIC_EnableIRQ) refers to main.o(.text.__NVIC_EnableIRQ) for [Anonymous Symbol]
    ledtoggle.o(.text.prvSetupHardware) refers to ledtoggle.o(.rodata.ARR_LUT) for ARR_LUT
    ledtoggle.o(.text.prvSetupHardware) refers to ledtoggle.o(.text.__NVIC_SetPriority) for __NVIC_SetPriority
    ledtoggle.o(.text.prvSetupHardware) refers to ledtoggle.o(.text.__NVIC_EnableIRQ) for __NVIC_EnableIRQ
    ledtoggle.o(.ARM.exidx.text.prvSetupHardware) refers to ledtoggle.o(.text.prvSetupHardware) for [Anonymous Symbol]
    ledtoggle.o(.ARM.exidx.text.__NVIC_SetPriority) refers to ledtoggle.o(.text.__NVIC_SetPriority) for [Anonymous Symbol]
    ledtoggle.o(.ARM.exidx.text.__NVIC_EnableIRQ) refers to ledtoggle.o(.text.__NVIC_EnableIRQ) for [Anonymous Symbol]
    ledtoggle.o(.text.TIM4_IRQHandler) refers to ledtoggle.o(.bss.SLUT_CNT) for SLUT_CNT
    ledtoggle.o(.text.TIM4_IRQHandler) refers to ledtoggle.o(.rodata.SLUT) for SLUT
    ledtoggle.o(.ARM.exidx.text.TIM4_IRQHandler) refers to ledtoggle.o(.text.TIM4_IRQHandler) for [Anonymous Symbol]
    ledtoggle.o(.text.LEDtoggle) refers to ledtoggle.o(.bss.xStateQueue) for xStateQueue
    ledtoggle.o(.text.LEDtoggle) refers to queue.o(.text.xQueuePeek) for xQueuePeek
    ledtoggle.o(.ARM.exidx.text.LEDtoggle) refers to ledtoggle.o(.text.LEDtoggle) for [Anonymous Symbol]
    ledtoggle.o(.text.bouncyBoi) refers to ledtoggle.o(.bss.xStateQueue) for xStateQueue
    ledtoggle.o(.text.bouncyBoi) refers to queue.o(.text.xQueuePeek) for xQueuePeek
    ledtoggle.o(.text.bouncyBoi) refers to queue.o(.text.xQueueGenericSend) for xQueueGenericSend
    ledtoggle.o(.ARM.exidx.text.bouncyBoi) refers to ledtoggle.o(.text.bouncyBoi) for [Anonymous Symbol]
    ledtoggle.o(.text.USART2_IRQHandler) refers to censor.o(.bss.SensorQueueueueueueueueueueueueueueue) for SensorQueueueueueueueueueueueueueueue
    ledtoggle.o(.text.USART2_IRQHandler) refers to queue.o(.text.xQueueGenericSendFromISR) for xQueueGenericSendFromISR
    ledtoggle.o(.text.USART2_IRQHandler) refers to ledtoggle.o(.rodata.ARR_LUT) for ARR_LUT
    ledtoggle.o(.ARM.exidx.text.USART2_IRQHandler) refers to ledtoggle.o(.text.USART2_IRQHandler) for [Anonymous Symbol]
    data.o(.ARM.exidx.text.USART_Init) refers to data.o(.text.USART_Init) for [Anonymous Symbol]
    data.o(.ARM.exidx.text.USART_Write) refers to data.o(.text.USART_Write) for [Anonymous Symbol]
    data.o(.text.USART_Read) refers to data.o(.text.USART_ReadByte) for USART_ReadByte
    data.o(.ARM.exidx.text.USART_Read) refers to data.o(.text.USART_Read) for [Anonymous Symbol]
    data.o(.ARM.exidx.text.USART_ReadByte) refers to data.o(.text.USART_ReadByte) for [Anonymous Symbol]
    censor.o(.text.xUS100SensorRead) refers to censor.o(.bss.SensorQueueueueueueueueueueueueueueue) for SensorQueueueueueueueueueueueueueueue
    censor.o(.text.xUS100SensorRead) refers to queue.o(.text.xQueueReceive) for xQueueReceive
    censor.o(.text.xUS100SensorRead) refers to data.o(.text.USART_Write) for USART_Write
    censor.o(.ARM.exidx.text.xUS100SensorRead) refers to censor.o(.text.xUS100SensorRead) for [Anonymous Symbol]
    censor.o(.ARM.exidx.text.USART1_IRQHandler) refers to censor.o(.text.USART1_IRQHandler) for [Anonymous Symbol]
    my_queues.o(.text.SetupQueue) refers to queue.o(.text.xQueueGenericCreate) for xQueueGenericCreate
    my_queues.o(.text.SetupQueue) refers to ledtoggle.o(.bss.xStateQueue) for xStateQueue
    my_queues.o(.text.SetupQueue) refers to censor.o(.bss.SensorQueueueueueueueueueueueueueueue) for SensorQueueueueueueueueueueueueueueue
    my_queues.o(.text.SetupQueue) refers to queue.o(.text.xQueueGenericSend) for xQueueGenericSend
[...]
    .ARM.Collect$$rtexit$$00000003           0x08000250   Section        4  rtexit2.o(.ARM.Collect$$rtexit$$00000003)
    .ARM.Collect$$rtexit$$00000004           0x08000254   Section        6  rtexit2.o(.ARM.Collect$$rtexit$$00000004)
    $v0                                      0x0800025c   Number         0  startup_stm32l476xx.o(.text)
    .text                                    0x0800025c   Section       64  startup_stm32l476xx.o(.text)
    .text                                    0x0800029c   Section      138  rt_memcpy_v6.o(.text)
    .text                                    0x08000326   Section       16  aeabi_memset4.o(.text)
    .text                                    0x08000336   Section       68  rt_memclr.o(.text)
    .text                                    0x0800037a   Section        0  heapauxi.o(.text)
    .text                                    0x08000380   Section      100  rt_memcpy_w.o(.text)
    .text                                    0x080003e4   Section       78  rt_memclr_w.o(.text)
    .text                                    0x08000432   Section       74  sys_stackheap_outer.o(.text)
    .text                                    0x0800047c   Section        0  exit.o(.text)
    .text                                    0x08000490   Section        8  libspace.o(.text)
    .text                                    0x08000498   Section        0  sys_exit.o(.text)
    .text                                    0x080004a4   Section        2  use_no_semi.o(.text)
    .text                                    0x080004a6   Section        0  indicate_semi.o(.text)
    [Anonymous Symbol]                       0x080004a8   Section        0  clib_os.o(.text.$Sub$$_fp_init)
    [Anonymous Symbol]                       0x080004c0   Section        0  ledtoggle.o(.text.LEDtoggle)
    [Anonymous Symbol]                       0x08000530   Section        0  port.o(.text.PendSV_Handler)
    [Anonymous Symbol]                       0x080005a8   Section        0  port.o(.text.SVC_Handler)
    [Anonymous Symbol]                       0x080005d4   Section        0  my_queues.o(.text.SetupQueue)
    [Anonymous Symbol]                       0x08000654   Section        0  cmsis_os2.o(.text.SysTick_Handler)
    [Anonymous Symbol]                       0x08000674   Section        0  system_stm32l4xx.o(.text.SystemInit)
    [Anonymous Symbol]                       0x08000688   Section        0  ledtoggle.o(.text.TIM4_IRQHandler)
    [Anonymous Symbol]                       0x080006f0   Section        0  censor.o(.text.USART1_IRQHandler)
    [Anonymous Symbol]                       0x08000734   Section        0  ledtoggle.o(.text.USART2_IRQHandler)
    [Anonymous Symbol]                       0x080007c8   Section        0  data.o(.text.USART_Init)
    [Anonymous Symbol]                       0x080009a0   Section        0  data.o(.text.USART_Write)
    __NVIC_EnableIRQ                         0x080009f9   Thumb Code    48  main.o(.text.__NVIC_EnableIRQ)
    [Anonymous Symbol]                       0x080009f8   Section        0  main.o(.text.__NVIC_EnableIRQ)
    __NVIC_EnableIRQ                         0x08000a29   Thumb Code    48  ledtoggle.o(.text.__NVIC_EnableIRQ)
    [Anonymous Symbol]                       0x08000a28   Section        0  ledtoggle.o(.text.__NVIC_EnableIRQ)
    __NVIC_SetPriority                       0x08000a59   Thumb Code    66  main.o(.text.__NVIC_SetPriority)
    [Anonymous Symbol]                       0x08000a58   Section        0  main.o(.text.__NVIC_SetPriority)
    __NVIC_SetPriority                       0x08000a9d   Thumb Code    66  ledtoggle.o(.text.__NVIC_SetPriority)
    [Anonymous Symbol]                       0x08000a9c   Section        0  ledtoggle.o(.text.__NVIC_SetPriority)
    __tagsym$$used.1                         0x08000ae0   Number         0  clib_os.o(.text._mutex_acquire)
    [Anonymous Symbol]                       0x08000ae0   Section        0  clib_os.o(.text._mutex_acquire)
    __tagsym$$used.3                         0x08000b08   Number         0  clib_os.o(.text._mutex_free)
    [Anonymous Symbol]                       0x08000b08   Section        0  clib_os.o(.text._mutex_free)
    __tagsym$$used.0                         0x08000b5c   Number         0  clib_os.o(.text._mutex_initialize)
    [Anonymous Symbol]                       0x08000b5c   Section        0  clib_os.o(.text._mutex_initialize)
    __tagsym$$used.2                         0x08000c04   Number         0  clib_os.o(.text._mutex_release)
    [Anonymous Symbol]                       0x08000c04   Section        0  clib_os.o(.text._mutex_release)
    [Anonymous Symbol]                       0x08000c30   Section        0  clib_os.o(.text._platform_post_stackheap_init)
    [Anonymous Symbol]                       0x08000c34   Section        0  ledtoggle.o(.text.bouncyBoi)
    is_thread_mode                           0x08000d31   Thumb Code    32  clib_os.o(.text.is_thread_mode)
    [Anonymous Symbol]                       0x08000d30   Section        0  clib_os.o(.text.is_thread_mode)
    [Anonymous Symbol]                       0x08000d50   Section        0  main.o(.text.main)
    os_kernel_is_active                      0x08000e21   Thumb Code    32  clib_os.o(.text.os_kernel_is_active)
    [Anonymous Symbol]                       0x08000e20   Section        0  clib_os.o(.text.os_kernel_is_active)
    prvAddCurrentTaskToDelayedList           0x08000e41   Thumb Code   270  tasks.o(.text.prvAddCurrentTaskToDelayedList)
    [Anonymous Symbol]                       0x08000e40   Section        0  tasks.o(.text.prvAddCurrentTaskToDelayedList)
    prvAddNewTaskToReadyList                 0x08000f51   Thumb Code   368  tasks.o(.text.prvAddNewTaskToReadyList)
    [Anonymous Symbol]                       0x08000f50   Section        0  tasks.o(.text.prvAddNewTaskToReadyList)
    prvCheckForValidListAndQueue             0x080010c1   Thumb Code   126  timers.o(.text.prvCheckForValidListAndQueue)
    [Anonymous Symbol]                       0x080010c0   Section        0  timers.o(.text.prvCheckForValidListAndQueue)
    prvCheckTasksWaitingTermination          0x08001141   Thumb Code    90  tasks.o(.text.prvCheckTasksWaitingTermination)
    [Anonymous Symbol]                       0x08001140   Section        0  tasks.o(.text.prvCheckTasksWaitingTermination)
    prvCopyDataFromQueue                     0x0800119d   Thumb Code    66  queue.o(.text.prvCopyDataFromQueue)
    [Anonymous Symbol]                       0x0800119c   Section        0  queue.o(.text.prvCopyDataFromQueue)
    prvCopyDataToQueue                       0x080011e1   Thumb Code   204  queue.o(.text.prvCopyDataToQueue)
    [Anonymous Symbol]                       0x080011e0   Section        0  queue.o(.text.prvCopyDataToQueue)
    prvCreateIdleTasks                       0x080012ad   Thumb Code   216  tasks.o(.text.prvCreateIdleTasks)
    [Anonymous Symbol]                       0x080012ac   Section        0  tasks.o(.text.prvCreateIdleTasks)
    prvCreateStaticTask                      0x08001385   Thumb Code   170  tasks.o(.text.prvCreateStaticTask)
    [Anonymous Symbol]                       0x08001384   Section        0  tasks.o(.text.prvCreateStaticTask)
    prvCreateTask                            0x08001431   Thumb Code   142  tasks.o(.text.prvCreateTask)
    [Anonymous Symbol]                       0x08001430   Section        0  tasks.o(.text.prvCreateTask)
    prvDeleteTCB                             0x080014c1   Thumb Code    80  tasks.o(.text.prvDeleteTCB)
    [Anonymous Symbol]                       0x080014c0   Section        0  tasks.o(.text.prvDeleteTCB)
    prvGetHighestPriorityOfWaitToReceiveList 0x08001511   Thumb Code    38  queue.o(.text.prvGetHighestPriorityOfWaitToReceiveList)
    [Anonymous Symbol]                       0x08001510   Section        0  queue.o(.text.prvGetHighestPriorityOfWaitToReceiveList)
    prvGetNextExpireTime                     0x08001539   Thumb Code    64  timers.o(.text.prvGetNextExpireTime)
    [Anonymous Symbol]                       0x08001538   Section        0  timers.o(.text.prvGetNextExpireTime)
    prvHeapInit                              0x08001579   Thumb Code   170  heap_4.o(.text.prvHeapInit)
    [Anonymous Symbol]                       0x08001578   Section        0  heap_4.o(.text.prvHeapInit)
    prvIdleTask                              0x08001625   Thumb Code    56  tasks.o(.text.prvIdleTask)
    [Anonymous Symbol]                       0x08001624   Section        0  tasks.o(.text.prvIdleTask)
    prvInitialiseMutex                       0x0800165d   Thumb Code    44  queue.o(.text.prvInitialiseMutex)
    [Anonymous Symbol]                       0x0800165c   Section        0  queue.o(.text.prvInitialiseMutex)
    prvInitialiseNewQueue                    0x08001689   Thumb Code    72  queue.o(.text.prvInitialiseNewQueue)
    [Anonymous Symbol]                       0x08001688   Section        0  queue.o(.text.prvInitialiseNewQueue)
    prvInitialiseNewTask                     0x080016d1   Thumb Code   264  tasks.o(.text.prvInitialiseNewTask)
    [Anonymous Symbol]                       0x080016d0   Section        0  tasks.o(.text.prvInitialiseNewTask)
    prvInitialiseTaskLists                   0x080017d9   Thumb Code   142  tasks.o(.text.prvInitialiseTaskLists)
    [Anonymous Symbol]                       0x080017d8   Section        0  tasks.o(.text.prvInitialiseTaskLists)
    prvInsertBlockIntoFreeList               0x08001869   Thumb Code   280  heap_4.o(.text.prvInsertBlockIntoFreeList)
    [Anonymous Symbol]                       0x08001868   Section        0  heap_4.o(.text.prvInsertBlockIntoFreeList)
    prvInsertTimerInActiveList               0x08001981   Thumb Code   134  timers.o(.text.prvInsertTimerInActiveList)
    [Anonymous Symbol]                       0x08001980   Section        0  timers.o(.text.prvInsertTimerInActiveList)
    prvIsQueueEmpty                          0x08001a09   Thumb Code    40  queue.o(.text.prvIsQueueEmpty)
    [Anonymous Symbol]                       0x08001a08   Section        0  queue.o(.text.prvIsQueueEmpty)
    prvIsQueueFull                           0x08001a31   Thumb Code    46  queue.o(.text.prvIsQueueFull)
    [Anonymous Symbol]                       0x08001a30   Section        0  queue.o(.text.prvIsQueueFull)
    prvPortStartFirstTask                    0x08001a61   Thumb Code    40  port.o(.text.prvPortStartFirstTask)
    [Anonymous Symbol]                       0x08001a60   Section        0  port.o(.text.prvPortStartFirstTask)
    prvProcessExpiredTimer                   0x08001a89   Thumb Code    84  timers.o(.text.prvProcessExpiredTimer)
    [Anonymous Symbol]                       0x08001a88   Section        0  timers.o(.text.prvProcessExpiredTimer)
    prvProcessReceivedCommands               0x08001add   Thumb Code   378  timers.o(.text.prvProcessReceivedCommands)
    [Anonymous Symbol]                       0x08001adc   Section        0  timers.o(.text.prvProcessReceivedCommands)
    prvProcessTimerOrBlockTask               0x08001c59   Thumb Code   154  timers.o(.text.prvProcessTimerOrBlockTask)
    [Anonymous Symbol]                       0x08001c58   Section        0  timers.o(.text.prvProcessTimerOrBlockTask)
    prvReloadTimer                           0x08001cf5   Thumb Code    52  timers.o(.text.prvReloadTimer)
    [Anonymous Symbol]                       0x08001cf4   Section        0  timers.o(.text.prvReloadTimer)
    prvResetNextTaskUnblockTime              0x08001d29   Thumb Code    60  tasks.o(.text.prvResetNextTaskUnblockTime)
    [Anonymous Symbol]                       0x08001d28   Section        0  tasks.o(.text.prvResetNextTaskUnblockTime)
    prvSampleTimeNow                         0x08001d65   Thumb Code    68  timers.o(.text.prvSampleTimeNow)
    [Anonymous Symbol]                       0x08001d64   Section        0  timers.o(.text.prvSampleTimeNow)
    [Anonymous Symbol]                       0x08001da8   Section        0  ledtoggle.o(.text.prvSetupHardware)
    prvSwitchTimerLists                      0x08001ee1   Thumb Code    82  timers.o(.text.prvSwitchTimerLists)
    [Anonymous Symbol]                       0x08001ee0   Section        0  timers.o(.text.prvSwitchTimerLists)
    prvTaskExitError                         0x08001f35   Thumb Code    62  port.o(.text.prvTaskExitError)
    [Anonymous Symbol]                       0x08001f34   Section        0  port.o(.text.prvTaskExitError)
    prvTimerTask                             0x08001f75   Thumb Code    30  timers.o(.text.prvTimerTask)
    [Anonymous Symbol]                       0x08001f74   Section        0  timers.o(.text.prvTimerTask)
    prvUnlockQueue                           0x08001f95   Thumb Code   174  queue.o(.text.prvUnlockQueue)
    [Anonymous Symbol]                       0x08001f94   Section        0  queue.o(.text.prvUnlockQueue)
    [Anonymous Symbol]                       0x08002044   Section        0  heap_4.o(.text.pvPortMalloc)
    [Anonymous Symbol]                       0x080022fc   Section        0  tasks.o(.text.pvTaskIncrementMutexHeldCount)
    [Anonymous Symbol]                       0x08002320   Section        0  port.o(.text.pxPortInitialiseStack)
    [Anonymous Symbol]                       0x08002380   Section        0  list.o(.text.uxListRemove)
    [Anonymous Symbol]                       0x080023c8   Section        0  tasks.o(.text.uxTaskGetNumberOfTasks)
    [Anonymous Symbol]                       0x080023d4   Section        0  tasks.o(.text.vApplicationGetIdleTaskMemory)
    [Anonymous Symbol]                       0x08002400   Section        0  tasks.o(.text.vApplicationGetTimerTaskMemory)
    [Anonymous Symbol]                       0x0800242c   Section        0  cmsis_os2.o(.text.vApplicationStackOverflowHook)
    [Anonymous Symbol]                       0x0800243c   Section        0  list.o(.text.vListInitialise)
    [Anonymous Symbol]                       0x0800246c   Section        0  list.o(.text.vListInitialiseItem)
    [Anonymous Symbol]                       0x0800247c   Section        0  list.o(.text.vListInsert)
    vPortEnableVFP                           0x080024e9   Thumb Code    20  port.o(.text.vPortEnableVFP)
    [Anonymous Symbol]                       0x080024e8   Section        0  port.o(.text.vPortEnableVFP)
    [Anonymous Symbol]                       0x080024fc   Section        0  port.o(.text.vPortEnterCritical)
    [Anonymous Symbol]                       0x08002544   Section        0  port.o(.text.vPortExitCritical)
    [Anonymous Symbol]                       0x08002580   Section        0  heap_4.o(.text.vPortFree)
    [Anonymous Symbol]                       0x08002660   Section        0  port.o(.text.vPortSetupTimerInterrupt)
    [Anonymous Symbol]                       0x080026a4   Section        0  port.o(.text.vPortValidateInterruptPriority)
    [Anonymous Symbol]                       0x0800270c   Section        0  queue.o(.text.vQueueDelete)
    [Anonymous Symbol]                       0x0800273c   Section        0  queue.o(.text.vQueueWaitForMessageRestricted)
    [Anonymous Symbol]                       0x080027a0   Section        0  tasks.o(.text.vTaskInternalSetTimeOutState)
    [Anonymous Symbol]                       0x080027c4   Section        0  tasks.o(.text.vTaskMissedYield)
    [Anonymous Symbol]                       0x080027d4   Section        0  tasks.o(.text.vTaskPlaceOnEventList)
    [Anonymous Symbol]                       0x08002808   Section        0  tasks.o(.text.vTaskPlaceOnEventListRestricted)
    [Anonymous Symbol]                       0x0800287c   Section        0  tasks.o(.text.vTaskPriorityDisinheritAfterTimeout)
    [Anonymous Symbol]                       0x080029e4   Section        0  tasks.o(.text.vTaskStartScheduler)
    [Anonymous Symbol]                       0x08002a68   Section        0  tasks.o(.text.vTaskSuspendAll)
    __tagsym$$used.0                         0x08002a78   Number         0  tasks.o(.text.vTaskSwitchContext)
    [Anonymous Symbol]                       0x08002a78   Section        0  tasks.o(.text.vTaskSwitchContext)
    [Anonymous Symbol]                       0x08002bb0   Section        0  port.o(.text.xPortStartScheduler)
    [Anonymous Symbol]                       0x08002d5c   Section        0  port.o(.text.xPortSysTickHandler)
    [Anonymous Symbol]                       0x08002d9c   Section        0  queue.o(.text.xQueueCreateMutex)
    [Anonymous Symbol]                       0x08002dc4   Section        0  queue.o(.text.xQueueCreateMutexStatic)
    [Anonymous Symbol]                       0x08002df8   Section        0  queue.o(.text.xQueueGenericCreate)
    [Anonymous Symbol]                       0x08002e8c   Section        0  queue.o(.text.xQueueGenericCreateStatic)
    [Anonymous Symbol]                       0x08002f2c   Section        0  queue.o(.text.xQueueGenericReset)
    [Anonymous Symbol]                       0x08003018   Section        0  queue.o(.text.xQueueGenericSend)
    [Anonymous Symbol]                       0x0800320c   Section        0  queue.o(.text.xQueueGenericSendFromISR)
    [Anonymous Symbol]                       0x08003358   Section        0  queue.o(.text.xQueuePeek)
    [Anonymous Symbol]                       0x08003510   Section        0  queue.o(.text.xQueueReceive)
    [Anonymous Symbol]                       0x080036c4   Section        0  queue.o(.text.xQueueSemaphoreTake)
    [Anonymous Symbol]                       0x080038ac   Section        0  tasks.o(.text.xTaskCheckForTimeOut)
    [Anonymous Symbol]                       0x0800398c   Section        0  tasks.o(.text.xTaskCreate)
    [Anonymous Symbol]                       0x080039e0   Section        0  tasks.o(.text.xTaskCreateStatic)
    [Anonymous Symbol]                       0x08003a3c   Section        0  tasks.o(.text.xTaskGetSchedulerState)
    [Anonymous Symbol]                       0x08003a74   Section        0  tasks.o(.text.xTaskGetTickCount)
    [Anonymous Symbol]                       0x08003a88   Section        0  tasks.o(.text.xTaskIncrementTick)
    [Anonymous Symbol]                       0x08003d00   Section        0  tasks.o(.text.xTaskPriorityDisinherit)
    [Anonymous Symbol]                       0x08003e20   Section        0  tasks.o(.text.xTaskPriorityInherit)
    [Anonymous Symbol]                       0x08003f7c   Section        0  tasks.o(.text.xTaskRemoveFromEventList)
    [Anonymous Symbol]                       0x08004120   Section        0  tasks.o(.text.xTaskResumeAll)
    [Anonymous Symbol]                       0x08004368   Section        0  timers.o(.text.xTimerCreateTimerTask)
    [Anonymous Symbol]                       0x080043f0   Section        0  censor.o(.text.xUS100SensorRead)
    $v0                                      0x08004424   Number         0  fpinit.o(x$fpl$fpinit)
    x$fpl$fpinit                             0x08004424   Section       26  fpinit.o(x$fpl$fpinit)
    .L.str                                   0x08004560   Data           4  main.o(.rodata.str1.1)
    [Anonymous Symbol]                       0x08004560   Section        0  main.o(.rodata.str1.1)
    .L.str.1                                 0x08004564   Data          16  main.o(.rodata.str1.1)
    .L.str.2                                 0x08004574   Data          22  main.o(.rodata.str1.1)
    .L.str                                   0x0800458a   Data           5  tasks.o(.rodata.str1.1)
    [Anonymous Symbol]                       0x0800458a   Section        0  tasks.o(.rodata.str1.1)
    .L.str                                   0x0800458f   Data           8  timers.o(.rodata.str1.1)
    [Anonymous Symbol]                       0x0800458f   Section        0  timers.o(.rodata.str1.1)
    uxTopUsedPriority                        0x08004598   Data           4  tasks.o(.rodata.uxTopUsedPriority)
    [Anonymous Symbol]                       0x08004598   Section        0  tasks.o(.rodata.uxTopUsedPriority)
    uxCriticalNesting                        0x20000004   Data           4  port.o(.data.uxCriticalNesting)
    [Anonymous Symbol]                       0x20000004   Section        0  port.o(.data.uxCriticalNesting)
    .bss                                     0x20000008   Section       96  libspace.o(.bss)
    SLUT_CNT                                 0x20000068   Data           4  ledtoggle.o(.bss.SLUT_CNT)
    [Anonymous Symbol]                       0x20000068   Section        0  ledtoggle.o(.bss.SLUT_CNT)
    clib_mutex_cb                            0x20000070   Data         400  clib_os.o(.bss.clib_mutex_cb)
    [Anonymous Symbol]                       0x20000070   Section        0  clib_os.o(.bss.clib_mutex_cb)
    clib_mutex_id                            0x20000200   Data          20  clib_os.o(.bss.clib_mutex_id)
    [Anonymous Symbol]                       0x20000200   Section        0  clib_os.o(.bss.clib_mutex_id)
    prvCheckForValidListAndQueue.ucStaticTimerQueueStorage 0x20000214   Data          80  timers.o(.bss.prvCheckForValidListAndQueue.ucStaticTimerQueueStorage)
    [Anonymous Symbol]                       0x20000214   Section        0  timers.o(.bss.prvCheckForValidListAndQueue.ucStaticTimerQueueStorage)
    prvCheckForValidListAndQueue.xStaticTimerQueue 0x20000264   Data          80  timers.o(.bss.prvCheckForValidListAndQueue.xStaticTimerQueue)
    [Anonymous Symbol]                       0x20000264   Section        0  timers.o(.bss.prvCheckForValidListAndQueue.xStaticTimerQueue)
    prvSampleTimeNow.xLastTime               0x200002b4   Data           4  timers.o(.bss.prvSampleTimeNow.xLastTime)
    [Anonymous Symbol]                       0x200002b4   Section        0  timers.o(.bss.prvSampleTimeNow.xLastTime)
    __tagsym$$used.1                         0x200002b8   Number         0  tasks.o(.bss.pxCurrentTCB)
    pxCurrentTimerList                       0x200002bc   Data           4  timers.o(.bss.pxCurrentTimerList)
    [Anonymous Symbol]                       0x200002bc   Section        0  timers.o(.bss.pxCurrentTimerList)
    pxDelayedTaskList                        0x200002c0   Data           4  tasks.o(.bss.pxDelayedTaskList)
    [Anonymous Symbol]                       0x200002c0   Section        0  tasks.o(.bss.pxDelayedTaskList)
    pxEnd                                    0x200002c4   Data           4  heap_4.o(.bss.pxEnd)
    [Anonymous Symbol]                       0x200002c4   Section        0  heap_4.o(.bss.pxEnd)
    pxOverflowDelayedTaskList                0x200002c8   Data           4  tasks.o(.bss.pxOverflowDelayedTaskList)
    [Anonymous Symbol]                       0x200002c8   Section        0  tasks.o(.bss.pxOverflowDelayedTaskList)
    pxOverflowTimerList                      0x200002cc   Data           4  timers.o(.bss.pxOverflowTimerList)
    [Anonymous Symbol]                       0x200002cc   Section        0  timers.o(.bss.pxOverflowTimerList)
    pxReadyTasksLists                        0x200002d0   Data        1120  tasks.o(.bss.pxReadyTasksLists)
    [Anonymous Symbol]                       0x200002d0   Section        0  tasks.o(.bss.pxReadyTasksLists)
    ucHeap                                   0x20000730   Data        8192  heap_4.o(.bss.ucHeap)
    [Anonymous Symbol]                       0x20000730   Section        0  heap_4.o(.bss.ucHeap)
    ucMaxSysCallPriority                     0x20002730   Data           1  port.o(.bss.ucMaxSysCallPriority)
    [Anonymous Symbol]                       0x20002730   Section        0  port.o(.bss.ucMaxSysCallPriority)
    ulMaxPRIGROUPValue                       0x20002734   Data           4  port.o(.bss.ulMaxPRIGROUPValue)
    [Anonymous Symbol]                       0x20002734   Section        0  port.o(.bss.ulMaxPRIGROUPValue)
    uxCurrentNumberOfTasks                   0x20002738   Data           4  tasks.o(.bss.uxCurrentNumberOfTasks)
    [Anonymous Symbol]                       0x20002738   Section        0  tasks.o(.bss.uxCurrentNumberOfTasks)
    uxDeletedTasksWaitingCleanUp             0x2000273c   Data           4  tasks.o(.bss.uxDeletedTasksWaitingCleanUp)
    [Anonymous Symbol]                       0x2000273c   Section        0  tasks.o(.bss.uxDeletedTasksWaitingCleanUp)
    uxSchedulerSuspended                     0x20002740   Data           4  tasks.o(.bss.uxSchedulerSuspended)
    [Anonymous Symbol]                       0x20002740   Section        0  tasks.o(.bss.uxSchedulerSuspended)
    uxTaskNumber                             0x20002744   Data           4  tasks.o(.bss.uxTaskNumber)
    [Anonymous Symbol]                       0x20002744   Section        0  tasks.o(.bss.uxTaskNumber)
    uxTopReadyPriority                       0x20002748   Data           4  tasks.o(.bss.uxTopReadyPriority)
    [Anonymous Symbol]                       0x20002748   Section        0  tasks.o(.bss.uxTopReadyPriority)
    vApplicationGetIdleTaskMemory.uxIdleTaskStack 0x2000274c   Data         512  tasks.o(.bss.vApplicationGetIdleTaskMemory.uxIdleTaskStack)
    [Anonymous Symbol]                       0x2000274c   Section        0  tasks.o(.bss.vApplicationGetIdleTaskMemory.uxIdleTaskStack)
    vApplicationGetIdleTaskMemory.xIdleTaskTCB 0x2000294c   Data          92  tasks.o(.bss.vApplicationGetIdleTaskMemory.xIdleTaskTCB)
    [Anonymous Symbol]                       0x2000294c   Section        0  tasks.o(.bss.vApplicationGetIdleTaskMemory.xIdleTaskTCB)
    vApplicationGetTimerTaskMemory.uxTimerTaskStack 0x200029a8   Data         512  tasks.o(.bss.vApplicationGetTimerTaskMemory.uxTimerTaskStack)
    [Anonymous Symbol]                       0x200029a8   Section        0  tasks.o(.bss.vApplicationGetTimerTaskMemory.uxTimerTaskStack)
    vApplicationGetTimerTaskMemory.xTimerTaskTCB 0x20002ba8   Data          92  tasks.o(.bss.vApplicationGetTimerTaskMemory.xTimerTaskTCB)
    [Anonymous Symbol]                       0x20002ba8   Section        0  tasks.o(.bss.vApplicationGetTimerTaskMemory.xTimerTaskTCB)
    xActiveTimerList1                        0x20002c04   Data          20  timers.o(.bss.xActiveTimerList1)
    [Anonymous Symbol]                       0x20002c04   Section        0  timers.o(.bss.xActiveTimerList1)
    xActiveTimerList2                        0x20002c18   Data          20  timers.o(.bss.xActiveTimerList2)
    [Anonymous Symbol]                       0x20002c18   Section        0  timers.o(.bss.xActiveTimerList2)
    xDelayedTaskList1                        0x20002c2c   Data          20  tasks.o(.bss.xDelayedTaskList1)
    [Anonymous Symbol]                       0x20002c2c   Section        0  tasks.o(.bss.xDelayedTaskList1)
    xDelayedTaskList2                        0x20002c40   Data          20  tasks.o(.bss.xDelayedTaskList2)
    [Anonymous Symbol]                       0x20002c40   Section        0  tasks.o(.bss.xDelayedTaskList2)
    xFreeBytesRemaining                      0x20002c54   Data           4  heap_4.o(.bss.xFreeBytesRemaining)
    [Anonymous Symbol]                       0x20002c54   Section        0  heap_4.o(.bss.xFreeBytesRemaining)
    xIdleTaskHandles                         0x20002c58   Data           4  tasks.o(.bss.xIdleTaskHandles)
    [Anonymous Symbol]                       0x20002c58   Section        0  tasks.o(.bss.xIdleTaskHandles)
    xMinimumEverFreeBytesRemaining           0x20002c5c   Data           4  heap_4.o(.bss.xMinimumEverFreeBytesRemaining)
    [Anonymous Symbol]                       0x20002c5c   Section        0  heap_4.o(.bss.xMinimumEverFreeBytesRemaining)
    xNextTaskUnblockTime                     0x20002c60   Data           4  tasks.o(.bss.xNextTaskUnblockTime)
    [Anonymous Symbol]                       0x20002c60   Section        0  tasks.o(.bss.xNextTaskUnblockTime)
    xNumOfOverflows                          0x20002c64   Data           4  tasks.o(.bss.xNumOfOverflows)
    [Anonymous Symbol]                       0x20002c64   Section        0  tasks.o(.bss.xNumOfOverflows)
    xNumberOfSuccessfulAllocations           0x20002c68   Data           4  heap_4.o(.bss.xNumberOfSuccessfulAllocations)
    [Anonymous Symbol]                       0x20002c68   Section        0  heap_4.o(.bss.xNumberOfSuccessfulAllocations)
    xNumberOfSuccessfulFrees                 0x20002c6c   Data           4  heap_4.o(.bss.xNumberOfSuccessfulFrees)
    [Anonymous Symbol]                       0x20002c6c   Section        0  heap_4.o(.bss.xNumberOfSuccessfulFrees)
    xPendedTicks                             0x20002c70   Data           4  tasks.o(.bss.xPendedTicks)
    [Anonymous Symbol]                       0x20002c70   Section        0  tasks.o(.bss.xPendedTicks)
    xPendingReadyList                        0x20002c74   Data          20  tasks.o(.bss.xPendingReadyList)
    [Anonymous Symbol]                       0x20002c74   Section        0  tasks.o(.bss.xPendingReadyList)
    xSchedulerRunning                        0x20002c88   Data           4  tasks.o(.bss.xSchedulerRunning)
    [Anonymous Symbol]                       0x20002c88   Section        0  tasks.o(.bss.xSchedulerRunning)
    xStart                                   0x20002c8c   Data           8  heap_4.o(.bss.xStart)
    [Anonymous Symbol]                       0x20002c8c   Section        0  heap_4.o(.bss.xStart)
    xSuspendedTaskList                       0x20002c98   Data          20  tasks.o(.bss.xSuspendedTaskList)
    [Anonymous Symbol]                       0x20002c98   Section        0  tasks.o(.bss.xSuspendedTaskList)
    xTasksWaitingTermination                 0x20002cac   Data          20  tasks.o(.bss.xTasksWaitingTermination)
    [Anonymous Symbol]                       0x20002cac   Section        0  tasks.o(.bss.xTasksWaitingTermination)
    xTickCount                               0x20002cc0   Data           4  tasks.o(.bss.xTickCount)
    [Anonymous Symbol]                       0x20002cc0   Section        0  tasks.o(.bss.xTickCount)
    xTimerQueue                              0x20002cc4   Data           4  timers.o(.bss.xTimerQueue)
    [Anonymous Symbol]                       0x20002cc4   Section        0  timers.o(.bss.xTimerQueue)
    xTimerTaskHandle                         0x20002cc8   Data           4  timers.o(.bss.xTimerTaskHandle)
    [Anonymous Symbol]                       0x20002cc8   Section        0  timers.o(.bss.xTimerTaskHandle)
    xYieldPendings                           0x20002ccc   Data           4  tasks.o(.bss.xYieldPendings)
    [Anonymous Symbol]                       0x20002ccc   Section        0  tasks.o(.bss.xYieldPendings)
    Heap_Mem                                 0x20002cd0   Data         512  startup_stm32l476xx.o(HEAP)
    HEAP                                     0x20002cd0   Section      512  startup_stm32l476xx.o(HEAP)
    Stack_Mem                                0x20002ed0   Data        1024  startup_stm32l476xx.o(STACK)
    STACK                                    0x20002ed0   Section     1024  startup_stm32l476xx.o(STACK)
    __initial_sp                             0x200032d0   Data           0  startup_stm32l476xx.o(STACK)

    Global Symbols

    Symbol Name                              Value     Ov Type        Size  Object(Section)

    BuildAttributes$$THM_ISAv4$E$P$D$K$B$S$7EM$VFPi3$EXTD16$VFPS$VFMA$PE$A:L22UL41UL21$X:L11$S22US41US21$IEEE1$IW$~IW$USESV6$~STKCKD$USESV7$~SHL$OSPACE$ROPI$EBA8$UX$STANDARDLIB$REQ8$PRES8$EABIv2 0x00000000   Number         0  anon$$obj.o ABSOLUTE
    __ARM_exceptions_init                     - Undefined Weak Reference
    __alloca_initialize                       - Undefined Weak Reference
    __arm_preinit_                            - Undefined Weak Reference
    __arm_relocate_pie_                       - Undefined Weak Reference
    __cpp_initialize__aeabi_                  - Undefined Weak Reference
    __cxa_finalize                            - Undefined Weak Reference
    __rt_locale                               - Undefined Weak Reference
    __sigvec_lookup                           - Undefined Weak Reference
    _atexit_init                              - Undefined Weak Reference
    _call_atexit_fns                          - Undefined Weak Reference
    _clock_init                               - Undefined Weak Reference
    _fp_trap_init                             - Undefined Weak Reference
    _fp_trap_shutdown                         - Undefined Weak Reference
    _get_lc_collate                           - Undefined Weak Reference
    _get_lc_ctype                             - Undefined Weak Reference
    _get_lc_monetary                          - Undefined Weak Reference
    _get_lc_numeric                           - Undefined Weak Reference
    _get_lc_time                              - Undefined Weak Reference
    _getenv_init                              - Undefined Weak Reference
    _handle_redirection                       - Undefined Weak Reference
    _init_alloc                               - Undefined Weak Reference
    _init_user_alloc                          - Undefined Weak Reference
    _initio                                   - Undefined Weak Reference
    _rand_init                                - Undefined Weak Reference
    _signal_finish                            - Undefined Weak Reference
    _signal_init                              - Undefined Weak Reference
    _terminate_alloc                          - Undefined Weak Reference
    _terminate_user_alloc                     - Undefined Weak Reference
    _terminateio                              - Undefined Weak Reference
    __Vectors_Size                           0x00000188   Number         0  startup_stm32l476xx.o ABSOLUTE
    __Vectors                                0x08000000   Data           4  startup_stm32l476xx.o(RESET)
    __Vectors_End                            0x08000188   Data           0  startup_stm32l476xx.o(RESET)
    __main                                   0x08000189   Thumb Code     8  __main.o(!!!main)
    __scatterload                            0x08000191   Thumb Code     0  __scatter.o(!!!scatter)
    __scatterload_rt2                        0x08000191   Thumb Code    84  __scatter.o(!!!scatter)
    __scatterload_rt2_thumb_only             0x08000191   Thumb Code     0  __scatter.o(!!!scatter)
    __scatterload_loop                       0x0800019b   Thumb Code     0  __scatter.o(!!!scatter)
    __scatterload_copy                       0x080001ed   Thumb Code    26  __scatter_copy.o(!!handler_copy)
    __scatterload_null                       0x08000209   Thumb Code     2  __scatter.o(!!handler_null)
    __scatterload_zeroinit                   0x0800020d   Thumb Code    28  __scatter_zi.o(!!handler_zi)
    __rt_lib_init                            0x08000229   Thumb Code     0  libinit.o(.ARM.Collect$$libinit$$00000000)
    __rt_lib_init_fp_1                       0x0800022b   Thumb Code     0  libinit2.o(.ARM.Collect$$libinit$$00000001)
    __rt_lib_init_alloca_1                   0x0800022f   Thumb Code     0  libinit2.o(.ARM.Collect$$libinit$$00000030)
    __rt_lib_init_argv_1                     0x0800022f   Thumb Code     0  libinit2.o(.ARM.Collect$$libinit$$0000002E)
    __rt_lib_init_atexit_1                   0x0800022f   Thumb Code     0  libinit2.o(.ARM.Collect$$libinit$$0000001D)
    __rt_lib_init_clock_1                    0x0800022f   Thumb Code     0  libinit2.o(.ARM.Collect$$libinit$$00000023)
    __rt_lib_init_cpp_1                      0x0800022f   Thumb Code     0  libinit2.o(.ARM.Collect$$libinit$$00000034)
    __rt_lib_init_exceptions_1               0x0800022f   Thumb Code     0  libinit2.o(.ARM.Collect$$libinit$$00000032)
    __rt_lib_init_fp_trap_1                  0x0800022f   Thumb Code     0  libinit2.o(.ARM.Collect$$libinit$$00000021)
    __rt_lib_init_getenv_1                   0x0800022f   Thumb Code     0  libinit2.o(.ARM.Collect$$libinit$$00000025)
    __rt_lib_init_heap_1                     0x0800022f   Thumb Code     0  libinit2.o(.ARM.Collect$$libinit$$0000000C)
    __rt_lib_init_lc_collate_1               0x0800022f   Thumb Code     0  libinit2.o(.ARM.Collect$$libinit$$00000013)
    __rt_lib_init_lc_ctype_1                 0x0800022f   Thumb Code     0  libinit2.o(.ARM.Collect$$libinit$$00000015)
    __rt_lib_init_lc_monetary_1              0x0800022f   Thumb Code     0  libinit2.o(.ARM.Collect$$libinit$$00000017)
    __rt_lib_init_lc_numeric_1               0x0800022f   Thumb Code     0  libinit2.o(.ARM.Collect$$libinit$$00000019)
    __rt_lib_init_lc_time_1                  0x0800022f   Thumb Code     0  libinit2.o(.ARM.Collect$$libinit$$0000001B)
    __rt_lib_init_preinit_1                  0x0800022f   Thumb Code     0  libinit2.o(.ARM.Collect$$libinit$$00000006)
    __rt_lib_init_rand_1                     0x0800022f   Thumb Code     0  libinit2.o(.ARM.Collect$$libinit$$00000010)
    __rt_lib_init_relocate_pie_1             0x0800022f   Thumb Code     0  libinit2.o(.ARM.Collect$$libinit$$00000004)
    __rt_lib_init_return                     0x0800022f   Thumb Code     0  libinit2.o(.ARM.Collect$$libinit$$00000035)
    __rt_lib_init_signal_1                   0x0800022f   Thumb Code     0  libinit2.o(.ARM.Collect$$libinit$$0000001F)
    __rt_lib_init_stdio_1                    0x0800022f   Thumb Code     0  libinit2.o(.ARM.Collect$$libinit$$00000027)
    __rt_lib_init_user_alloc_1               0x0800022f   Thumb Code     0  libinit2.o(.ARM.Collect$$libinit$$0000000E)
    __rt_lib_shutdown                        0x08000231   Thumb Code     0  libshutdown.o(.ARM.Collect$$libshutdown$$00000000)
    __rt_lib_shutdown_cpp_1                  0x08000233   Thumb Code     0  libshutdown2.o(.ARM.Collect$$libshutdown$$00000002)
    __rt_lib_shutdown_fp_trap_1              0x08000233   Thumb Code     0  libshutdown2.o(.ARM.Collect$$libshutdown$$00000007)
    __rt_lib_shutdown_heap_1                 0x08000233   Thumb Code     0  libshutdown2.o(.ARM.Collect$$libshutdown$$0000000F)
    __rt_lib_shutdown_return                 0x08000233   Thumb Code     0  libshutdown2.o(.ARM.Collect$$libshutdown$$00000010)
    __rt_lib_shutdown_signal_1               0x08000233   Thumb Code     0  libshutdown2.o(.ARM.Collect$$libshutdown$$0000000A)
    __rt_lib_shutdown_stdio_1                0x08000233   Thumb Code     0  libshutdown2.o(.ARM.Collect$$libshutdown$$00000004)
    __rt_lib_shutdown_user_alloc_1           0x08000233   Thumb Code     0  libshutdown2.o(.ARM.Collect$$libshutdown$$0000000C)
    __rt_entry                               0x08000235   Thumb Code     0  __rtentry.o(.ARM.Collect$$rtentry$$00000000)
    __rt_entry_presh_1                       0x08000235   Thumb Code     0  __rtentry2.o(.ARM.Collect$$rtentry$$00000002)
    __rt_entry_sh                            0x08000235   Thumb Code     0  __rtentry4.o(.ARM.Collect$$rtentry$$00000004)
    __rt_entry_postsh_1                      0x0800023b   Thumb Code     0  __rtentry2.o(.ARM.Collect$$rtentry$$00000008)
    __rt_entry_li                            0x08000243   Thumb Code     0  __rtentry2.o(.ARM.Collect$$rtentry$$0000000A)
    __rt_entry_main                          0x08000247   Thumb Code     0  __rtentry2.o(.ARM.Collect$$rtentry$$0000000D)
    __rt_entry_postli_1                      0x08000247   Thumb Code     0  __rtentry2.o(.ARM.Collect$$rtentry$$0000000C)
    __rt_exit                                0x0800024f   Thumb Code     0  rtexit.o(.ARM.Collect$$rtexit$$00000000)
    __rt_exit_ls                             0x08000251   Thumb Code     0  rtexit2.o(.ARM.Collect$$rtexit$$00000003)
    __rt_exit_prels_1                        0x08000251   Thumb Code     0  rtexit2.o(.ARM.Collect$$rtexit$$00000002)
    __rt_exit_exit                           0x08000255   Thumb Code     0  rtexit2.o(.ARM.Collect$$rtexit$$00000004)
    Reset_Handler                            0x0800025d   Thumb Code     8  startup_stm32l476xx.o(.text)
    NMI_Handler                              0x08000265   Thumb Code     2  startup_stm32l476xx.o(.text)
    HardFault_Handler                        0x08000267   Thumb Code     2  startup_stm32l476xx.o(.text)
    MemManage_Handler                        0x08000269   Thumb Code     2  startup_stm32l476xx.o(.text)
    BusFault_Handler                         0x0800026b   Thumb Code     2  startup_stm32l476xx.o(.text)
    UsageFault_Handler                       0x0800026d   Thumb Code     2  startup_stm32l476xx.o(.text)
    DebugMon_Handler                         0x08000271   Thumb Code     2  startup_stm32l476xx.o(.text)
    ADC1_2_IRQHandler                        0x08000277   Thumb Code     0  startup_stm32l476xx.o(.text)
    ADC3_IRQHandler                          0x08000277   Thumb Code     0  startup_stm32l476xx.o(.text)
    CAN1_RX0_IRQHandler                      0x08000277   Thumb Code     0  startup_stm32l476xx.o(.text)
    CAN1_RX1_IRQHandler                      0x08000277   Thumb Code     0  startup_stm32l476xx.o(.text)
    CAN1_SCE_IRQHandler                      0x08000277   Thumb Code     0  startup_stm32l476xx.o(.text)
    CAN1_TX_IRQHandler                       0x08000277   Thumb Code     0  startup_stm32l476xx.o(.text)
    COMP_IRQHandler                          0x08000277   Thumb Code     0  startup_stm32l476xx.o(.text)
    DFSDM1_FLT0_IRQHandler                   0x08000277   Thumb Code     0  startup_stm32l476xx.o(.text)
    DFSDM1_FLT1_IRQHandler                   0x08000277   Thumb Code     0  startup_stm32l476xx.o(.text)
    DFSDM1_FLT2_IRQHandler                   0x08000277   Thumb Code     0  startup_stm32l476xx.o(.text)
    DFSDM1_FLT3_IRQHandler                   0x08000277   Thumb Code     0  startup_stm32l476xx.o(.text)
    DMA1_Channel1_IRQHandler                 0x08000277   Thumb Code     0  startup_stm32l476xx.o(.text)
    DMA1_Channel2_IRQHandler                 0x08000277   Thumb Code     0  startup_stm32l476xx.o(.text)
    DMA1_Channel3_IRQHandler                 0x08000277   Thumb Code     0  startup_stm32l476xx.o(.text)
    DMA1_Channel4_IRQHandler                 0x08000277   Thumb Code     0  startup_stm32l476xx.o(.text)
    DMA1_Channel5_IRQHandler                 0x08000277   Thumb Code     0  startup_stm32l476xx.o(.text)
    DMA1_Channel6_IRQHandler                 0x08000277   Thumb Code     0  startup_stm32l476xx.o(.text)
    DMA1_Channel7_IRQHandler                 0x08000277   Thumb Code     0  startup_stm32l476xx.o(.text)
    DMA2_Channel1_IRQHandler                 0x08000277   Thumb Code     0  startup_stm32l476xx.o(.text)
    DMA2_Channel2_IRQHandler                 0x08000277   Thumb Code     0  startup_stm32l476xx.o(.text)
    DMA2_Channel3_IRQHandler                 0x08000277   Thumb Code     0  startup_stm32l476xx.o(.text)
    DMA2_Channel4_IRQHandler                 0x08000277   Thumb Code     0  startup_stm32l476xx.o(.text)
    DMA2_Channel5_IRQHandler                 0x08000277   Thumb Code     0  startup_stm32l476xx.o(.text)
    DMA2_Channel6_IRQHandler                 0x08000277   Thumb Code     0  startup_stm32l476xx.o(.text)
    DMA2_Channel7_IRQHandler                 0x08000277   Thumb Code     0  startup_stm32l476xx.o(.text)
    EXTI0_IRQHandler                         0x08000277   Thumb Code     0  startup_stm32l476xx.o(.text)
    EXTI15_10_IRQHandler                     0x08000277   Thumb Code     0  startup_stm32l476xx.o(.text)
    EXTI1_IRQHandler                         0x08000277   Thumb Code     0  startup_stm32l476xx.o(.text)
    EXTI2_IRQHandler                         0x08000277   Thumb Code     0  startup_stm32l476xx.o(.text)
    EXTI3_IRQHandler                         0x08000277   Thumb Code     0  startup_stm32l476xx.o(.text)
    EXTI4_IRQHandler                         0x08000277   Thumb Code     0  startup_stm32l476xx.o(.text)
    EXTI9_5_IRQHandler                       0x08000277   Thumb Code     0  startup_stm32l476xx.o(.text)
    FLASH_IRQHandler                         0x08000277   Thumb Code     0  startup_stm32l476xx.o(.text)
    FMC_IRQHandler                           0x08000277   Thumb Code     0  startup_stm32l476xx.o(.text)
    FPU_IRQHandler                           0x08000277   Thumb Code     0  startup_stm32l476xx.o(.text)
    I2C1_ER_IRQHandler                       0x08000277   Thumb Code     0  startup_stm32l476xx.o(.text)
    I2C1_EV_IRQHandler                       0x08000277   Thumb Code     0  startup_stm32l476xx.o(.text)
    I2C2_ER_IRQHandler                       0x08000277   Thumb Code     0  startup_stm32l476xx.o(.text)
    I2C2_EV_IRQHandler                       0x08000277   Thumb Code     0  startup_stm32l476xx.o(.text)
    I2C3_ER_IRQHandler                       0x08000277   Thumb Code     0  startup_stm32l476xx.o(.text)
    I2C3_EV_IRQHandler                       0x08000277   Thumb Code     0  startup_stm32l476xx.o(.text)
    LCD_IRQHandler                           0x08000277   Thumb Code     0  startup_stm32l476xx.o(.text)
    LPTIM1_IRQHandler                        0x08000277   Thumb Code     0  startup_stm32l476xx.o(.text)
    LPTIM2_IRQHandler                        0x08000277   Thumb Code     0  startup_stm32l476xx.o(.text)
    LPUART1_IRQHandler                       0x08000277   Thumb Code     0  startup_stm32l476xx.o(.text)
    OTG_FS_IRQHandler                        0x08000277   Thumb Code     0  startup_stm32l476xx.o(.text)
    PVD_PVM_IRQHandler                       0x08000277   Thumb Code     0  startup_stm32l476xx.o(.text)
    QUADSPI_IRQHandler                       0x08000277   Thumb Code     0  startup_stm32l476xx.o(.text)
    RCC_IRQHandler                           0x08000277   Thumb Code     0  startup_stm32l476xx.o(.text)
    RNG_IRQHandler                           0x08000277   Thumb Code     0  startup_stm32l476xx.o(.text)
    RTC_Alarm_IRQHandler                     0x08000277   Thumb Code     0  startup_stm32l476xx.o(.text)
    RTC_WKUP_IRQHandler                      0x08000277   Thumb Code     0  startup_stm32l476xx.o(.text)
    SAI1_IRQHandler                          0x08000277   Thumb Code     0  startup_stm32l476xx.o(.text)
    SAI2_IRQHandler                          0x08000277   Thumb Code     0  startup_stm32l476xx.o(.text)
    SDMMC1_IRQHandler                        0x08000277   Thumb Code     0  startup_stm32l476xx.o(.text)
    SPI1_IRQHandler                          0x08000277   Thumb Code     0  startup_stm32l476xx.o(.text)
    SPI2_IRQHandler                          0x08000277   Thumb Code     0  startup_stm32l476xx.o(.text)
    SPI3_IRQHandler                          0x08000277   Thumb Code     0  startup_stm32l476xx.o(.text)
    SWPMI1_IRQHandler                        0x08000277   Thumb Code     0  startup_stm32l476xx.o(.text)
    TAMP_STAMP_IRQHandler                    0x08000277   Thumb Code     0  startup_stm32l476xx.o(.text)
    TIM1_BRK_TIM15_IRQHandler                0x08000277   Thumb Code     0  startup_stm32l476xx.o(.text)
    TIM1_CC_IRQHandler                       0x08000277   Thumb Code     0  startup_stm32l476xx.o(.text)
    TIM1_TRG_COM_TIM17_IRQHandler            0x08000277   Thumb Code     0  startup_stm32l476xx.o(.text)
    TIM1_UP_TIM16_IRQHandler                 0x08000277   Thumb Code     0  startup_stm32l476xx.o(.text)
    TIM2_IRQHandler                          0x08000277   Thumb Code     0  startup_stm32l476xx.o(.text)
    TIM3_IRQHandler                          0x08000277   Thumb Code     0  startup_stm32l476xx.o(.text)
    TIM5_IRQHandler                          0x08000277   Thumb Code     0  startup_stm32l476xx.o(.text)
    TIM6_DAC_IRQHandler                      0x08000277   Thumb Code     0  startup_stm32l476xx.o(.text)
    TIM7_IRQHandler                          0x08000277   Thumb Code     0  startup_stm32l476xx.o(.text)
    TIM8_BRK_IRQHandler                      0x08000277   Thumb Code     0  startup_stm32l476xx.o(.text)
    TIM8_CC_IRQHandler                       0x08000277   Thumb Code     0  startup_stm32l476xx.o(.text)
    TIM8_TRG_COM_IRQHandler                  0x08000277   Thumb Code     0  startup_stm32l476xx.o(.text)
    TIM8_UP_IRQHandler                       0x08000277   Thumb Code     0  startup_stm32l476xx.o(.text)
    TSC_IRQHandler                           0x08000277   Thumb Code     0  startup_stm32l476xx.o(.text)
    UART4_IRQHandler                         0x08000277   Thumb Code     0  startup_stm32l476xx.o(.text)
    UART5_IRQHandler                         0x08000277   Thumb Code     0  startup_stm32l476xx.o(.text)
    USART3_IRQHandler                        0x08000277   Thumb Code     0  startup_stm32l476xx.o(.text)
    WWDG_IRQHandler                          0x08000277   Thumb Code     0  startup_stm32l476xx.o(.text)
    __user_initial_stackheap                 0x08000279   Thumb Code     0  startup_stm32l476xx.o(.text)
    __aeabi_memcpy                           0x0800029d   Thumb Code     0  rt_memcpy_v6.o(.text)
    __rt_memcpy                              0x0800029d   Thumb Code   138  rt_memcpy_v6.o(.text)
    _memcpy_lastbytes                        0x08000303   Thumb Code     0  rt_memcpy_v6.o(.text)
    __aeabi_memset4                          0x08000327   Thumb Code    16  aeabi_memset4.o(.text)
    __aeabi_memset8                          0x08000327   Thumb Code     0  aeabi_memset4.o(.text)
    __aeabi_memclr                           0x08000337   Thumb Code     0  rt_memclr.o(.text)
    __rt_memclr                              0x08000337   Thumb Code     0  rt_memclr.o(.text)
    _memset                                  0x0800033b   Thumb Code    64  rt_memclr.o(.text)
    __use_two_region_memory                  0x0800037b   Thumb Code     2  heapauxi.o(.text)
    __rt_heap_escrow$2region                 0x0800037d   Thumb Code     2  heapauxi.o(.text)
    __rt_heap_expand$2region                 0x0800037f   Thumb Code     2  heapauxi.o(.text)
    __aeabi_memcpy4                          0x08000381   Thumb Code     0  rt_memcpy_w.o(.text)
    __aeabi_memcpy8                          0x08000381   Thumb Code     0  rt_memcpy_w.o(.text)
    __rt_memcpy_w                            0x08000381   Thumb Code   100  rt_memcpy_w.o(.text)
    _memcpy_lastbytes_aligned                0x080003c9   Thumb Code     0  rt_memcpy_w.o(.text)
    __aeabi_memclr4                          0x080003e5   Thumb Code     0  rt_memclr_w.o(.text)
    __aeabi_memclr8                          0x080003e5   Thumb Code     0  rt_memclr_w.o(.text)
    __rt_memclr_w                            0x080003e5   Thumb Code     0  rt_memclr_w.o(.text)
    _memset_w                                0x080003e9   Thumb Code    74  rt_memclr_w.o(.text)
    __user_setup_stackheap                   0x08000433   Thumb Code    74  sys_stackheap_outer.o(.text)
    exit                                     0x0800047d   Thumb Code    18  exit.o(.text)
    __user_libspace                          0x08000491   Thumb Code     8  libspace.o(.text)
    __user_perproc_libspace                  0x08000491   Thumb Code     0  libspace.o(.text)
    _sys_exit                                0x08000499   Thumb Code     8  sys_exit.o(.text)
    __I$use$semihosting                      0x080004a5   Thumb Code     0  use_no_semi.o(.text)
    __use_no_semihosting_swi                 0x080004a5   Thumb Code     2  use_no_semi.o(.text)
    __semihosting_library_function           0x080004a7   Thumb Code     0  indicate_semi.o(.text)
    _fp_init                                 0x080004a9   Thumb Code    22  clib_os.o(.text.$Sub$$_fp_init)
    LEDtoggle                                0x080004c1   Thumb Code   112  ledtoggle.o(.text.LEDtoggle)
    PendSV_Handler                           0x08000531   Thumb Code    96  port.o(.text.PendSV_Handler)
    SVC_Handler                              0x080005a9   Thumb Code    32  port.o(.text.SVC_Handler)
    SetupQueue                               0x080005d5   Thumb Code   126  my_queues.o(.text.SetupQueue)
    SysTick_Handler                          0x08000655   Thumb Code    30  cmsis_os2.o(.text.SysTick_Handler)
    SystemInit                               0x08000675   Thumb Code    18  system_stm32l4xx.o(.text.SystemInit)
    TIM4_IRQHandler                          0x08000689   Thumb Code   104  ledtoggle.o(.text.TIM4_IRQHandler)
    USART1_IRQHandler                        0x080006f1   Thumb Code    68  censor.o(.text.USART1_IRQHandler)
    USART2_IRQHandler                        0x08000735   Thumb Code   148  ledtoggle.o(.text.USART2_IRQHandler)
    USART_Init                               0x080007c9   Thumb Code   470  data.o(.text.USART_Init)
    USART_Write                              0x080009a1   Thumb Code    86  data.o(.text.USART_Write)
    _mutex_acquire                           0x08000ae1   Thumb Code    40  clib_os.o(.text._mutex_acquire)
    _mutex_free                              0x08000b09   Thumb Code    84  clib_os.o(.text._mutex_free)
    _mutex_initialize                        0x08000b5d   Thumb Code   168  clib_os.o(.text._mutex_initialize)
    _mutex_release                           0x08000c05   Thumb Code    42  clib_os.o(.text._mutex_release)
    _platform_post_stackheap_init            0x08000c31   Thumb Code     2  clib_os.o(.text._platform_post_stackheap_init)
    bouncyBoi                                0x08000c35   Thumb Code   252  ledtoggle.o(.text.bouncyBoi)
    main                                     0x08000d51   Thumb Code   208  main.o(.text.main)
    prvSetupHardware                         0x08001da9   Thumb Code   312  ledtoggle.o(.text.prvSetupHardware)
    pvPortMalloc                             0x08002045   Thumb Code   696  heap_4.o(.text.pvPortMalloc)
    pvTaskIncrementMutexHeldCount            0x080022fd   Thumb Code    36  tasks.o(.text.pvTaskIncrementMutexHeldCount)
    pxPortInitialiseStack                    0x08002321   Thumb Code    94  port.o(.text.pxPortInitialiseStack)
    uxListRemove                             0x08002381   Thumb Code    72  list.o(.text.uxListRemove)
    uxTaskGetNumberOfTasks                   0x080023c9   Thumb Code    12  tasks.o(.text.uxTaskGetNumberOfTasks)
    vApplicationGetIdleTaskMemory            0x080023d5   Thumb Code    42  tasks.o(.text.vApplicationGetIdleTaskMemory)
    vApplicationGetTimerTaskMemory           0x08002401   Thumb Code    42  tasks.o(.text.vApplicationGetTimerTaskMemory)
    vApplicationStackOverflowHook            0x0800242d   Thumb Code    16  cmsis_os2.o(.text.vApplicationStackOverflowHook)
    vListInitialise                          0x0800243d   Thumb Code    46  list.o(.text.vListInitialise)
    vListInitialiseItem                      0x0800246d   Thumb Code    14  list.o(.text.vListInitialiseItem)
    vListInsert                              0x0800247d   Thumb Code   106  list.o(.text.vListInsert)
    vPortEnterCritical                       0x080024fd   Thumb Code    72  port.o(.text.vPortEnterCritical)
    vPortExitCritical                        0x08002545   Thumb Code    60  port.o(.text.vPortExitCritical)
    vPortFree                                0x08002581   Thumb Code   222  heap_4.o(.text.vPortFree)
    vPortSetupTimerInterrupt                 0x08002661   Thumb Code    68  port.o(.text.vPortSetupTimerInterrupt)
    vPortValidateInterruptPriority           0x080026a5   Thumb Code   104  port.o(.text.vPortValidateInterruptPriority)
    vQueueDelete                             0x0800270d   Thumb Code    48  queue.o(.text.vQueueDelete)
    vQueueWaitForMessageRestricted           0x0800273d   Thumb Code   100  queue.o(.text.vQueueWaitForMessageRestricted)
    vTaskInternalSetTimeOutState             0x080027a1   Thumb Code    36  tasks.o(.text.vTaskInternalSetTimeOutState)
    vTaskMissedYield                         0x080027c5   Thumb Code    14  tasks.o(.text.vTaskMissedYield)
    vTaskPlaceOnEventList                    0x080027d5   Thumb Code    52  tasks.o(.text.vTaskPlaceOnEventList)
    vTaskPlaceOnEventListRestricted          0x08002809   Thumb Code   114  tasks.o(.text.vTaskPlaceOnEventListRestricted)
    vTaskPriorityDisinheritAfterTimeout      0x0800287d   Thumb Code   358  tasks.o(.text.vTaskPriorityDisinheritAfterTimeout)
    vTaskStartScheduler                      0x080029e5   Thumb Code   130  tasks.o(.text.vTaskStartScheduler)
    vTaskSuspendAll                          0x08002a69   Thumb Code    16  tasks.o(.text.vTaskSuspendAll)
    vTaskSwitchContext                       0x08002a79   Thumb Code   312  tasks.o(.text.vTaskSwitchContext)
    xPortStartScheduler                      0x08002bb1   Thumb Code   428  port.o(.text.xPortStartScheduler)
    xPortSysTickHandler                      0x08002d5d   Thumb Code    62  port.o(.text.xPortSysTickHandler)
    xQueueCreateMutex                        0x08002d9d   Thumb Code    38  queue.o(.text.xQueueCreateMutex)
    xQueueCreateMutexStatic                  0x08002dc5   Thumb Code    50  queue.o(.text.xQueueCreateMutexStatic)
    xQueueGenericCreate                      0x08002df9   Thumb Code   148  queue.o(.text.xQueueGenericCreate)
    xQueueGenericCreateStatic                0x08002e8d   Thumb Code   158  queue.o(.text.xQueueGenericCreateStatic)
    xQueueGenericReset                       0x08002f2d   Thumb Code   236  queue.o(.text.xQueueGenericReset)
    xQueueGenericSend                        0x08003019   Thumb Code   500  queue.o(.text.xQueueGenericSend)
    xQueueGenericSendFromISR                 0x0800320d   Thumb Code   332  queue.o(.text.xQueueGenericSendFromISR)
    xQueuePeek                               0x08003359   Thumb Code   438  queue.o(.text.xQueuePeek)
    xQueueReceive                            0x08003511   Thumb Code   434  queue.o(.text.xQueueReceive)
    xQueueSemaphoreTake                      0x080036c5   Thumb Code   486  queue.o(.text.xQueueSemaphoreTake)
    xTaskCheckForTimeOut                     0x080038ad   Thumb Code   224  tasks.o(.text.xTaskCheckForTimeOut)
    xTaskCreate                              0x0800398d   Thumb Code    82  tasks.o(.text.xTaskCreate)
    xTaskCreateStatic                        0x080039e1   Thumb Code    92  tasks.o(.text.xTaskCreateStatic)
    xTaskGetSchedulerState                   0x08003a3d   Thumb Code    56  tasks.o(.text.xTaskGetSchedulerState)
    xTaskGetTickCount                        0x08003a75   Thumb Code    20  tasks.o(.text.xTaskGetTickCount)
    xTaskIncrementTick                       0x08003a89   Thumb Code   630  tasks.o(.text.xTaskIncrementTick)
    xTaskPriorityDisinherit                  0x08003d01   Thumb Code   286  tasks.o(.text.xTaskPriorityDisinherit)
    xTaskPriorityInherit                     0x08003e21   Thumb Code   348  tasks.o(.text.xTaskPriorityInherit)
    xTaskRemoveFromEventList                 0x08003f7d   Thumb Code   418  tasks.o(.text.xTaskRemoveFromEventList)
    xTaskResumeAll                           0x08004121   Thumb Code   584  tasks.o(.text.xTaskResumeAll)
    xTimerCreateTimerTask                    0x08004369   Thumb Code   134  timers.o(.text.xTimerCreateTimerTask)
    xUS100SensorRead                         0x080043f1   Thumb Code    52  censor.o(.text.xUS100SensorRead)
    $Super$$_fp_init                         0x08004425   Thumb Code    26  fpinit.o(x$fpl$fpinit)
    __fplib_config_fpu_vfp                   0x0800443d   Thumb Code     0  fpinit.o(x$fpl$fpinit)
    __fplib_config_pureend_doubles           0x0800443d   Thumb Code     0  fpinit.o(x$fpl$fpinit)
    ARR_LUT                                  0x08004440   Data          32  ledtoggle.o(.rodata.ARR_LUT)
    SLUT                                     0x08004460   Data         256  ledtoggle.o(.rodata.SLUT)
    Region$$Table$$Base                      0x0800459c   Number         0  anon$$obj.o(Region$$Table)
    Region$$Table$$Limit                     0x080045bc   Number         0  anon$$obj.o(Region$$Table)
    SystemCoreClock                          0x20000000   Data           4  system_stm32l4xx.o(.data.SystemCoreClock)
    __libspace_start                         0x20000008   Data          96  libspace.o(.bss)
    __temporary_stack_top$libspace           0x20000068   Data           0  libspace.o(.bss)
    SensorQueueueueueueueueueueueueueueue    0x2000006c   Data           4  censor.o(.bss.SensorQueueueueueueueueueueueueueueue)
    pxCurrentTCB                             0x200002b8   Data           4  tasks.o(.bss.pxCurrentTCB)
    xStateQueue                              0x20002c94   Data           4  ledtoggle.o(.bss.xStateQueue)



==============================================================================

Memory Map of the image

  Image Entry point : 0x0800025d

  Load Region LR_1 (Base: 0x08000000, Size: 0x000045c4, Max: 0xffffffff, ABSOLUTE)

    Execution Region ER_RO (Exec base: 0x08000000, Load base: 0x08000000, Size: 0x000045bc, Max: 0xffffffff, ABSOLUTE)

    Exec Addr    Load Addr    Size         Type   Attr      Idx    E Section Name        Object

    0x08000000   0x08000000   0x00000188   Data   RO          298    RESET               startup_stm32l476xx.o
    0x08000188   0x08000188   0x00000008   Code   RO          807  * !!!main             c_w.l(__main.o)
    0x08000190   0x08000190   0x0000005c   Code   RO          974    !!!scatter          c_w.l(__scatter.o)
    0x080001ec   0x080001ec   0x0000001a   Code   RO          978    !!handler_copy      c_w.l(__scatter_copy.o)
    0x08000206   0x08000206   0x00000002   PAD
    0x08000208   0x08000208   0x00000002   Code   RO          975    !!handler_null      c_w.l(__scatter.o)
    0x0800020a   0x0800020a   0x00000002   PAD
    0x0800020c   0x0800020c   0x0000001c   Code   RO          980    !!handler_zi        c_w.l(__scatter_zi.o)
    0x08000228   0x08000228   0x00000002   Code   RO          838    .ARM.Collect$$libinit$$00000000  c_w.l(libinit.o)
    0x0800022a   0x0800022a   0x00000004   Code   RO          844    .ARM.Collect$$libinit$$00000001  c_w.l(libinit2.o)
    0x0800022e   0x0800022e   0x00000000   Code   RO          847    .ARM.Collect$$libinit$$00000004  c_w.l(libinit2.o)
    0x0800022e   0x0800022e   0x00000000   Code   RO          849    .ARM.Collect$$libinit$$00000006  c_w.l(libinit2.o)
    0x0800022e   0x0800022e   0x00000000   Code   RO          852    .ARM.Collect$$libinit$$0000000C  c_w.l(libinit2.o)
    0x0800022e   0x0800022e   0x00000000   Code   RO          854    .ARM.Collect$$libinit$$0000000E  c_w.l(libinit2.o)
    0x0800022e   0x0800022e   0x00000000   Code   RO          856    .ARM.Collect$$libinit$$00000010  c_w.l(libinit2.o)
    0x0800022e   0x0800022e   0x00000000   Code   RO          859    .ARM.Collect$$libinit$$00000013  c_w.l(libinit2.o)
    0x0800022e   0x0800022e   0x00000000   Code   RO          861    .ARM.Collect$$libinit$$00000015  c_w.l(libinit2.o)
    0x0800022e   0x0800022e   0x00000000   Code   RO          863    .ARM.Collect$$libinit$$00000017  c_w.l(libinit2.o)
    0x0800022e   0x0800022e   0x00000000   Code   RO          865    .ARM.Collect$$libinit$$00000019  c_w.l(libinit2.o)
    0x0800022e   0x0800022e   0x00000000   Code   RO          867    .ARM.Collect$$libinit$$0000001B  c_w.l(libinit2.o)
    0x0800022e   0x0800022e   0x00000000   Code   RO          869    .ARM.Collect$$libinit$$0000001D  c_w.l(libinit2.o)
    0x0800022e   0x0800022e   0x00000000   Code   RO          871    .ARM.Collect$$libinit$$0000001F  c_w.l(libinit2.o)
    0x0800022e   0x0800022e   0x00000000   Code   RO          873    .ARM.Collect$$libinit$$00000021  c_w.l(libinit2.o)
    0x0800022e   0x0800022e   0x00000000   Code   RO          875    .ARM.Collect$$libinit$$00000023  c_w.l(libinit2.o)
    0x0800022e   0x0800022e   0x00000000   Code   RO          877    .ARM.Collect$$libinit$$00000025  c_w.l(libinit2.o)
    0x0800022e   0x0800022e   0x00000000   Code   RO          879    .ARM.Collect$$libinit$$00000027  c_w.l(libinit2.o)
    0x0800022e   0x0800022e   0x00000000   Code   RO          883    .ARM.Collect$$libinit$$0000002E  c_w.l(libinit2.o)
    0x0800022e   0x0800022e   0x00000000   Code   RO          885    .ARM.Collect$$libinit$$00000030  c_w.l(libinit2.o)
    0x0800022e   0x0800022e   0x00000000   Code   RO          887    .ARM.Collect$$libinit$$00000032  c_w.l(libinit2.o)
    0x0800022e   0x0800022e   0x00000000   Code   RO          889    .ARM.Collect$$libinit$$00000034  c_w.l(libinit2.o)
    0x0800022e   0x0800022e   0x00000002   Code   RO          890    .ARM.Collect$$libinit$$00000035  c_w.l(libinit2.o)
    0x08000230   0x08000230   0x00000002   Code   RO          910    .ARM.Collect$$libshutdown$$00000000  c_w.l(libshutdown.o)
    0x08000232   0x08000232   0x00000000   Code   RO          925    .ARM.Collect$$libshutdown$$00000002  c_w.l(libshutdown2.o)
    0x08000232   0x08000232   0x00000000   Code   RO          927    .ARM.Collect$$libshutdown$$00000004  c_w.l(libshutdown2.o)
    0x08000232   0x08000232   0x00000000   Code   RO          930    .ARM.Collect$$libshutdown$$00000007  c_w.l(libshutdown2.o)
    0x08000232   0x08000232   0x00000000   Code   RO          933    .ARM.Collect$$libshutdown$$0000000A  c_w.l(libshutdown2.o)
    0x08000232   0x08000232   0x00000000   Code   RO          935    .ARM.Collect$$libshutdown$$0000000C  c_w.l(libshutdown2.o)
    0x08000232   0x08000232   0x00000000   Code   RO          938    .ARM.Collect$$libshutdown$$0000000F  c_w.l(libshutdown2.o)
    0x08000232   0x08000232   0x00000002   Code   RO          939    .ARM.Collect$$libshutdown$$00000010  c_w.l(libshutdown2.o)
    0x08000234   0x08000234   0x00000000   Code   RO          811    .ARM.Collect$$rtentry$$00000000  c_w.l(__rtentry.o)
    0x08000234   0x08000234   0x00000000   Code   RO          817    .ARM.Collect$$rtentry$$00000002  c_w.l(__rtentry2.o)
    0x08000234   0x08000234   0x00000006   Code   RO          829    .ARM.Collect$$rtentry$$00000004  c_w.l(__rtentry4.o)
    0x0800023a   0x0800023a   0x00000008   Code   RO          818    .ARM.Collect$$rtentry$$00000008  c_w.l(__rtentry2.o)
    0x08000242   0x08000242   0x00000004   Code   RO          820    .ARM.Collect$$rtentry$$0000000A  c_w.l(__rtentry2.o)
    0x08000246   0x08000246   0x00000000   Code   RO          822    .ARM.Collect$$rtentry$$0000000C  c_w.l(__rtentry2.o)
    0x08000246   0x08000246   0x00000008   Code   RO          823    .ARM.Collect$$rtentry$$0000000D  c_w.l(__rtentry2.o)
    0x0800024e   0x0800024e   0x00000002   Code   RO          842    .ARM.Collect$$rtexit$$00000000  c_w.l(rtexit.o)
    0x08000250   0x08000250   0x00000000   Code   RO          892    .ARM.Collect$$rtexit$$00000002  c_w.l(rtexit2.o)
    0x08000250   0x08000250   0x00000004   Code   RO          893    .ARM.Collect$$rtexit$$00000003  c_w.l(rtexit2.o)
    0x08000254   0x08000254   0x00000006   Code   RO          894    .ARM.Collect$$rtexit$$00000004  c_w.l(rtexit2.o)
    0x0800025a   0x0800025a   0x00000002   PAD
    0x0800025c   0x0800025c   0x00000040   Code   RO          299  * .text               startup_stm32l476xx.o
    0x0800029c   0x0800029c   0x0000008a   Code   RO          799    .text               c_w.l(rt_memcpy_v6.o)
    0x08000326   0x08000326   0x00000010   Code   RO          801    .text               c_w.l(aeabi_memset4.o)
    0x08000336   0x08000336   0x00000044   Code   RO          803    .text               c_w.l(rt_memclr.o)
    0x0800037a   0x0800037a   0x00000006   Code   RO          805    .text               c_w.l(heapauxi.o)
    0x08000380   0x08000380   0x00000064   Code   RO          812    .text               c_w.l(rt_memcpy_w.o)
    0x080003e4   0x080003e4   0x0000004e   Code   RO          814    .text               c_w.l(rt_memclr_w.o)
    0x08000432   0x08000432   0x0000004a   Code   RO          831    .text               c_w.l(sys_stackheap_outer.o)
    0x0800047c   0x0800047c   0x00000012   Code   RO          833    .text               c_w.l(exit.o)
    0x0800048e   0x0800048e   0x00000002   PAD
    0x08000490   0x08000490   0x00000008   Code   RO          839    .text               c_w.l(libspace.o)
    0x08000498   0x08000498   0x0000000c   Code   RO          900    .text               c_w.l(sys_exit.o)
    0x080004a4   0x080004a4   0x00000002   Code   RO          915    .text               c_w.l(use_no_semi.o)
    0x080004a6   0x080004a6   0x00000000   Code   RO          917    .text               c_w.l(indicate_semi.o)
    0x080004a6   0x080004a6   0x00000002   PAD
    0x080004a8   0x080004a8   0x00000016   Code   RO           79    .text.$Sub$$_fp_init  clib_os.o
    0x080004be   0x080004be   0x00000002   PAD
    0x080004c0   0x080004c0   0x00000070   Code   RO           25    .text.LEDtoggle     ledtoggle.o
    0x08000530   0x08000530   0x00000076   Code   RO          386    .text.PendSV_Handler  port.o
    0x080005a6   0x080005a6   0x00000002   PAD
    0x080005a8   0x080005a8   0x0000002a   Code   RO          382    .text.SVC_Handler   port.o
    0x080005d2   0x080005d2   0x00000002   PAD
    0x080005d4   0x080005d4   0x0000007e   Code   RO           69    .text.SetupQueue    my_queues.o
    0x08000652   0x08000652   0x00000002   PAD
    0x08000654   0x08000654   0x0000001e   Code   RO          106    .text.SysTick_Handler  cmsis_os2.o
    0x08000672   0x08000672   0x00000002   PAD
    0x08000674   0x08000674   0x00000012   Code   RO          306    .text.SystemInit    system_stm32l4xx.o
    0x08000686   0x08000686   0x00000002   PAD
    0x08000688   0x08000688   0x00000068   Code   RO           23    .text.TIM4_IRQHandler  ledtoggle.o
    0x080006f0   0x080006f0   0x00000044   Code   RO           59    .text.USART1_IRQHandler  censor.o
    0x08000734   0x08000734   0x00000094   Code   RO           29    .text.USART2_IRQHandler  ledtoggle.o
    0x080007c8   0x080007c8   0x000001d6   Code   RO           42    .text.USART_Init    data.o
    0x0800099e   0x0800099e   0x00000002   PAD
    0x080009a0   0x080009a0   0x00000056   Code   RO           44    .text.USART_Write   data.o
    0x080009f6   0x080009f6   0x00000002   PAD
    0x080009f8   0x080009f8   0x00000030   Code   RO            6    .text.__NVIC_EnableIRQ  main.o
    0x08000a28   0x08000a28   0x00000030   Code   RO           21    .text.__NVIC_EnableIRQ  ledtoggle.o
    0x08000a58   0x08000a58   0x00000042   Code   RO            4    .text.__NVIC_SetPriority  main.o
    0x08000a9a   0x08000a9a   0x00000002   PAD
    0x08000a9c   0x08000a9c   0x00000042   Code   RO           19    .text.__NVIC_SetPriority  ledtoggle.o
    0x08000ade   0x08000ade   0x00000002   PAD
    0x08000ae0   0x08000ae0   0x00000028   Code   RO           87    .text._mutex_acquire  clib_os.o
    0x08000b08   0x08000b08   0x00000054   Code   RO           93    .text._mutex_free   clib_os.o
    0x08000b5c   0x08000b5c   0x000000a8   Code   RO           85    .text._mutex_initialize  clib_os.o
    0x08000c04   0x08000c04   0x0000002a   Code   RO           91    .text._mutex_release  clib_os.o
    0x08000c2e   0x08000c2e   0x00000002   PAD
    0x08000c30   0x08000c30   0x00000002   Code   RO           77    .text._platform_post_stackheap_init  clib_os.o
    0x08000c32   0x08000c32   0x00000002   PAD
    0x08000c34   0x08000c34   0x000000fc   Code   RO           27    .text.bouncyBoi     ledtoggle.o
    0x08000d30   0x08000d30   0x00000020   Code   RO           89    .text.is_thread_mode  clib_os.o
    0x08000d50   0x08000d50   0x000000d0   Code   RO            2    .text.main          main.o
    0x08000e20   0x08000e20   0x00000020   Code   RO           83    .text.os_kernel_is_active  clib_os.o
    0x08000e40   0x08000e40   0x0000010e   Code   RO          557    .text.prvAddCurrentTaskToDelayedList  tasks.o
    0x08000f4e   0x08000f4e   0x00000002   PAD
    0x08000f50   0x08000f50   0x00000170   Code   RO          541    .text.prvAddNewTaskToReadyList  tasks.o
    0x080010c0   0x080010c0   0x0000007e   Code   RO          719    .text.prvCheckForValidListAndQueue  timers.o
    0x0800113e   0x0800113e   0x00000002   PAD
    0x08001140   0x08001140   0x0000005a   Code   RO          591    .text.prvCheckTasksWaitingTermination  tasks.o
    0x0800119a   0x0800119a   0x00000002   PAD
    0x0800119c   0x0800119c   0x00000042   Code   RO          494    .text.prvCopyDataFromQueue  queue.o
    0x080011de   0x080011de   0x00000002   PAD
    0x080011e0   0x080011e0   0x000000cc   Code   RO          482    .text.prvCopyDataToQueue  queue.o
    0x080012ac   0x080012ac   0x000000d8   Code   RO          587    .text.prvCreateIdleTasks  tasks.o
    0x08001384   0x08001384   0x000000aa   Code   RO          539    .text.prvCreateStaticTask  tasks.o
    0x0800142e   0x0800142e   0x00000002   PAD
    0x08001430   0x08001430   0x0000008e   Code   RO          545    .text.prvCreateTask  tasks.o
    0x080014be   0x080014be   0x00000002   PAD
    0x080014c0   0x080014c0   0x00000050   Code   RO          551    .text.prvDeleteTCB  tasks.o
    0x08001510   0x08001510   0x00000026   Code   RO          498    .text.prvGetHighestPriorityOfWaitToReceiveList  queue.o
    0x08001536   0x08001536   0x00000002   PAD
    0x08001538   0x08001538   0x00000040   Code   RO          765    .text.prvGetNextExpireTime  timers.o
    0x08001578   0x08001578   0x000000aa   Code   RO          416    .text.prvHeapInit   heap_4.o
    0x08001622   0x08001622   0x00000002   PAD
    0x08001624   0x08001624   0x00000038   Code   RO          681    .text.prvIdleTask   tasks.o
    0x0800165c   0x0800165c   0x0000002c   Code   RO          462    .text.prvInitialiseMutex  queue.o
    0x08001688   0x08001688   0x00000048   Code   RO          454    .text.prvInitialiseNewQueue  queue.o
    0x080016d0   0x080016d0   0x00000108   Code   RO          677    .text.prvInitialiseNewTask  tasks.o
    0x080017d8   0x080017d8   0x0000008e   Code   RO          679    .text.prvInitialiseTaskLists  tasks.o
    0x08001866   0x08001866   0x00000002   PAD
    0x08001868   0x08001868   0x00000118   Code   RO          420    .text.prvInsertBlockIntoFreeList  heap_4.o
    0x08001980   0x08001980   0x00000086   Code   RO          779    .text.prvInsertTimerInActiveList  timers.o
    0x08001a06   0x08001a06   0x00000002   PAD
    0x08001a08   0x08001a08   0x00000028   Code   RO          496    .text.prvIsQueueEmpty  queue.o
    0x08001a30   0x08001a30   0x0000002e   Code   RO          484    .text.prvIsQueueFull  queue.o
    0x08001a5e   0x08001a5e   0x00000002   PAD
    0x08001a60   0x08001a60   0x00000028   Code   RO          392    .text.prvPortStartFirstTask  port.o
    0x08001a88   0x08001a88   0x00000054   Code   RO          773    .text.prvProcessExpiredTimer  timers.o
    0x08001adc   0x08001adc   0x0000017a   Code   RO          769    .text.prvProcessReceivedCommands  timers.o
    0x08001c56   0x08001c56   0x00000002   PAD
    0x08001c58   0x08001c58   0x0000009a   Code   RO          767    .text.prvProcessTimerOrBlockTask  timers.o
    0x08001cf2   0x08001cf2   0x00000002   PAD
    0x08001cf4   0x08001cf4   0x00000034   Code   RO          777    .text.prvReloadTimer  timers.o
    0x08001d28   0x08001d28   0x0000003c   Code   RO          549    .text.prvResetNextTaskUnblockTime  tasks.o
    0x08001d64   0x08001d64   0x00000044   Code   RO          771    .text.prvSampleTimeNow  timers.o
    0x08001da8   0x08001da8   0x00000138   Code   RO           17    .text.prvSetupHardware  ledtoggle.o
    0x08001ee0   0x08001ee0   0x00000052   Code   RO          775    .text.prvSwitchTimerLists  timers.o
    0x08001f32   0x08001f32   0x00000002   PAD
    0x08001f34   0x08001f34   0x0000003e   Code   RO          380    .text.prvTaskExitError  port.o
    0x08001f72   0x08001f72   0x00000002   PAD
    0x08001f74   0x08001f74   0x0000001e   Code   RO          721    .text.prvTimerTask  timers.o
    0x08001f92   0x08001f92   0x00000002   PAD
    0x08001f94   0x08001f94   0x000000ae   Code   RO          486    .text.prvUnlockQueue  queue.o
    0x08002042   0x08002042   0x00000002   PAD
    0x08002044   0x08002044   0x000002b8   Code   RO          414    .text.pvPortMalloc  heap_4.o
    0x080022fc   0x080022fc   0x00000024   Code   RO          655    .text.pvTaskIncrementMutexHeldCount  tasks.o
    0x08002320   0x08002320   0x0000005e   Code   RO          378    .text.pxPortInitialiseStack  port.o
    0x0800237e   0x0800237e   0x00000002   PAD
    0x08002380   0x08002380   0x00000048   Code   RO          369    .text.uxListRemove  list.o
    0x080023c8   0x080023c8   0x0000000c   Code   RO          599    .text.uxTaskGetNumberOfTasks  tasks.o
    0x080023d4   0x080023d4   0x0000002a   Code   RO          671    .text.vApplicationGetIdleTaskMemory  tasks.o
    0x080023fe   0x080023fe   0x00000002   PAD
    0x08002400   0x08002400   0x0000002a   Code   RO          673    .text.vApplicationGetTimerTaskMemory  tasks.o
    0x0800242a   0x0800242a   0x00000002   PAD
    0x0800242c   0x0800242c   0x00000010   Code   RO          260    .text.vApplicationStackOverflowHook  cmsis_os2.o
    0x0800243c   0x0800243c   0x0000002e   Code   RO          361    .text.vListInitialise  list.o
    0x0800246a   0x0800246a   0x00000002   PAD
    0x0800246c   0x0800246c   0x0000000e   Code   RO          363    .text.vListInitialiseItem  list.o
    0x0800247a   0x0800247a   0x00000002   PAD
    0x0800247c   0x0800247c   0x0000006a   Code   RO          367    .text.vListInsert   list.o
    0x080024e6   0x080024e6   0x00000002   PAD
    0x080024e8   0x080024e8   0x00000014   Code   RO          390    .text.vPortEnableVFP  port.o
    0x080024fc   0x080024fc   0x00000048   Code   RO          396    .text.vPortEnterCritical  port.o
    0x08002544   0x08002544   0x0000003c   Code   RO          398    .text.vPortExitCritical  port.o
    0x08002580   0x08002580   0x000000de   Code   RO          418    .text.vPortFree     heap_4.o
    0x0800265e   0x0800265e   0x00000002   PAD
    0x08002660   0x08002660   0x00000044   Code   RO          388    .text.vPortSetupTimerInterrupt  port.o
    0x080026a4   0x080026a4   0x00000068   Code   RO          402    .text.vPortValidateInterruptPriority  port.o
    0x0800270c   0x0800270c   0x00000030   Code   RO          512    .text.vQueueDelete  queue.o
    0x0800273c   0x0800273c   0x00000064   Code   RO          528    .text.vQueueWaitForMessageRestricted  queue.o
    0x080027a0   0x080027a0   0x00000024   Code   RO          625    .text.vTaskInternalSetTimeOutState  tasks.o
    0x080027c4   0x080027c4   0x0000000e   Code   RO          629    .text.vTaskMissedYield  tasks.o
    0x080027d2   0x080027d2   0x00000002   PAD
    0x080027d4   0x080027d4   0x00000034   Code   RO          613    .text.vTaskPlaceOnEventList  tasks.o
    0x08002808   0x08002808   0x00000072   Code   RO          617    .text.vTaskPlaceOnEventListRestricted  tasks.o
    0x0800287a   0x0800287a   0x00000002   PAD
    0x0800287c   0x0800287c   0x00000166   Code   RO          651    .text.vTaskPriorityDisinheritAfterTimeout  tasks.o
    0x080029e2   0x080029e2   0x00000002   PAD
    0x080029e4   0x080029e4   0x00000082   Code   RO          585    .text.vTaskStartScheduler  tasks.o
    0x08002a66   0x08002a66   0x00000002   PAD
    0x08002a68   0x08002a68   0x00000010   Code   RO          555    .text.vTaskSuspendAll  tasks.o
    0x08002a78   0x08002a78   0x00000138   Code   RO          577    .text.vTaskSwitchContext  tasks.o
    0x08002bb0   0x08002bb0   0x000001ac   Code   RO          384    .text.xPortStartScheduler  port.o
    0x08002d5c   0x08002d5c   0x0000003e   Code   RO          400    .text.xPortSysTickHandler  port.o
    0x08002d9a   0x08002d9a   0x00000002   PAD
    0x08002d9c   0x08002d9c   0x00000026   Code   RO          460    .text.xQueueCreateMutex  queue.o
    0x08002dc2   0x08002dc2   0x00000002   PAD
    0x08002dc4   0x08002dc4   0x00000032   Code   RO          464    .text.xQueueCreateMutexStatic  queue.o
    0x08002df6   0x08002df6   0x00000002   PAD
    0x08002df8   0x08002df8   0x00000094   Code   RO          458    .text.xQueueGenericCreate  queue.o
    0x08002e8c   0x08002e8c   0x0000009e   Code   RO          452    .text.xQueueGenericCreateStatic  queue.o
    0x08002f2a   0x08002f2a   0x00000002   PAD
    0x08002f2c   0x08002f2c   0x000000ec   Code   RO          450    .text.xQueueGenericReset  queue.o
    0x08003018   0x08003018   0x000001f4   Code   RO          472    .text.xQueueGenericSend  queue.o
    0x0800320c   0x0800320c   0x0000014c   Code   RO          488    .text.xQueueGenericSendFromISR  queue.o
    0x08003358   0x08003358   0x000001b6   Code   RO          500    .text.xQueuePeek    queue.o
    0x0800350e   0x0800350e   0x00000002   PAD
    0x08003510   0x08003510   0x000001b2   Code   RO          492    .text.xQueueReceive  queue.o
    0x080036c2   0x080036c2   0x00000002   PAD
    0x080036c4   0x080036c4   0x000001e6   Code   RO          476    .text.xQueueSemaphoreTake  queue.o
    0x080038aa   0x080038aa   0x00000002   PAD
    0x080038ac   0x080038ac   0x000000e0   Code   RO          627    .text.xTaskCheckForTimeOut  tasks.o
    0x0800398c   0x0800398c   0x00000052   Code   RO          543    .text.xTaskCreate   tasks.o
    0x080039de   0x080039de   0x00000002   PAD
    0x080039e0   0x080039e0   0x0000005c   Code   RO          537    .text.xTaskCreateStatic  tasks.o
    0x08003a3c   0x08003a3c   0x00000038   Code   RO          645    .text.xTaskGetSchedulerState  tasks.o
    0x08003a74   0x08003a74   0x00000014   Code   RO          595    .text.xTaskGetTickCount  tasks.o
    0x08003a88   0x08003a88   0x00000276   Code   RO          593    .text.xTaskIncrementTick  tasks.o
    0x08003cfe   0x08003cfe   0x00000002   PAD
    0x08003d00   0x08003d00   0x0000011e   Code   RO          649    .text.xTaskPriorityDisinherit  tasks.o
    0x08003e1e   0x08003e1e   0x00000002   PAD
    0x08003e20   0x08003e20   0x0000015c   Code   RO          647    .text.xTaskPriorityInherit  tasks.o
    0x08003f7c   0x08003f7c   0x000001a2   Code   RO          619    .text.xTaskRemoveFromEventList  tasks.o
    0x0800411e   0x0800411e   0x00000002   PAD
    0x08004120   0x08004120   0x00000248   Code   RO          559    .text.xTaskResumeAll  tasks.o
    0x08004368   0x08004368   0x00000086   Code   RO          717    .text.xTimerCreateTimerTask  timers.o
    0x080043ee   0x080043ee   0x00000002   PAD
    0x080043f0   0x080043f0   0x00000034   Code   RO           57    .text.xUS100SensorRead  censor.o
    0x08004424   0x08004424   0x0000001a   Code   RO          809    x$fpl$fpinit        fz_wm.l(fpinit.o)
    0x0800443e   0x0800443e   0x00000002   PAD
    0x08004440   0x08004440   0x00000020   Data   RO           32    .rodata.ARR_LUT     ledtoggle.o
    0x08004460   0x08004460   0x00000100   Data   RO           31    .rodata.SLUT        ledtoggle.o
    0x08004560   0x08004560   0x0000002a   Data   RO            8    .rodata.str1.1      main.o
    0x0800458a   0x0800458a   0x00000005   Data   RO          709    .rodata.str1.1      tasks.o
    0x0800458f   0x0800458f   0x00000008   Data   RO          782    .rodata.str1.1      timers.o
    0x08004597   0x08004597   0x00000001   PAD
    0x08004598   0x08004598   0x00000004   Data   RO          700    .rodata.uxTopUsedPriority  tasks.o
    0x0800459c   0x0800459c   0x00000020   Data   RO          973    Region$$Table       anon$$obj.o


    Execution Region ER_RW (Exec base: 0x20000000, Load base: 0x080045bc, Size: 0x00000008, Max: 0xffffffff, ABSOLUTE)

    Exec Addr    Load Addr    Size         Type   Attr      Idx    E Section Name        Object

    0x20000000   0x080045bc   0x00000004   Data   RW          310    .data.SystemCoreClock  system_stm32l4xx.o
    0x20000004   0x080045c0   0x00000004   Data   RW          406    .data.uxCriticalNesting  port.o


    Execution Region ER_ZI (Exec base: 0x20000008, Load base: 0x080045c4, Size: 0x000032c8, Max: 0xffffffff, ABSOLUTE)

    Exec Addr    Load Addr    Size         Type   Attr      Idx    E Section Name        Object

    0x20000008        -       0x00000060   Zero   RW          840    .bss                c_w.l(libspace.o)
    0x20000068        -       0x00000004   Zero   RW           33    .bss.SLUT_CNT       ledtoggle.o
    0x2000006c        -       0x00000004   Zero   RW           61    .bss.SensorQueueueueueueueueueueueueueueue  censor.o
    0x20000070        -       0x00000190   Zero   RW           98    .bss.clib_mutex_cb  clib_os.o
    0x20000200        -       0x00000014   Zero   RW           97    .bss.clib_mutex_id  clib_os.o
    0x20000214        -       0x00000050   Zero   RW          790    .bss.prvCheckForValidListAndQueue.ucStaticTimerQueueStorage  timers.o
    0x20000264        -       0x00000050   Zero   RW          789    .bss.prvCheckForValidListAndQueue.xStaticTimerQueue  timers.o
    0x200002b4        -       0x00000004   Zero   RW          786    .bss.prvSampleTimeNow.xLastTime  timers.o
    0x200002b8        -       0x00000004   Zero   RW          683    .bss.pxCurrentTCB   tasks.o
    0x200002bc        -       0x00000004   Zero   RW          784    .bss.pxCurrentTimerList  timers.o
    0x200002c0        -       0x00000004   Zero   RW          691    .bss.pxDelayedTaskList  tasks.o
    0x200002c4        -       0x00000004   Zero   RW          436    .bss.pxEnd          heap_4.o
    0x200002c8        -       0x00000004   Zero   RW          692    .bss.pxOverflowDelayedTaskList  tasks.o
    0x200002cc        -       0x00000004   Zero   RW          785    .bss.pxOverflowTimerList  timers.o
    0x200002d0        -       0x00000460   Zero   RW          695    .bss.pxReadyTasksLists  tasks.o
    0x20000730        -       0x00002000   Zero   RW          439    .bss.ucHeap         heap_4.o
    0x20002730        -       0x00000001   Zero   RW          404    .bss.ucMaxSysCallPriority  port.o
    0x20002731   0x080045c4   0x00000003   PAD
    0x20002734        -       0x00000004   Zero   RW          405    .bss.ulMaxPRIGROUPValue  port.o
    0x20002738        -       0x00000004   Zero   RW          688    .bss.uxCurrentNumberOfTasks  tasks.o
    0x2000273c        -       0x00000004   Zero   RW          687    .bss.uxDeletedTasksWaitingCleanUp  tasks.o
    0x20002740        -       0x00000004   Zero   RW          689    .bss.uxSchedulerSuspended  tasks.o
    0x20002744        -       0x00000004   Zero   RW          684    .bss.uxTaskNumber   tasks.o
    0x20002748        -       0x00000004   Zero   RW          696    .bss.uxTopReadyPriority  tasks.o
    0x2000274c        -       0x00000200   Zero   RW          704    .bss.vApplicationGetIdleTaskMemory.uxIdleTaskStack  tasks.o
    0x2000294c        -       0x0000005c   Zero   RW          703    .bss.vApplicationGetIdleTaskMemory.xIdleTaskTCB  tasks.o
    0x200029a8        -       0x00000200   Zero   RW          706    .bss.vApplicationGetTimerTaskMemory.uxTimerTaskStack  tasks.o
    0x20002ba8        -       0x0000005c   Zero   RW          705    .bss.vApplicationGetTimerTaskMemory.xTimerTaskTCB  tasks.o
    0x20002c04        -       0x00000014   Zero   RW          787    .bss.xActiveTimerList1  timers.o
    0x20002c18        -       0x00000014   Zero   RW          788    .bss.xActiveTimerList2  timers.o
    0x20002c2c        -       0x00000014   Zero   RW          707    .bss.xDelayedTaskList1  tasks.o
    0x20002c40        -       0x00000014   Zero   RW          708    .bss.xDelayedTaskList2  tasks.o
    0x20002c54        -       0x00000004   Zero   RW          437    .bss.xFreeBytesRemaining  heap_4.o
    0x20002c58        -       0x00000004   Zero   RW          699    .bss.xIdleTaskHandles  tasks.o
    0x20002c5c        -       0x00000004   Zero   RW          440    .bss.xMinimumEverFreeBytesRemaining  heap_4.o
    0x20002c60        -       0x00000004   Zero   RW          698    .bss.xNextTaskUnblockTime  tasks.o
    0x20002c64        -       0x00000004   Zero   RW          702    .bss.xNumOfOverflows  tasks.o
    0x20002c68        -       0x00000004   Zero   RW          441    .bss.xNumberOfSuccessfulAllocations  heap_4.o
    0x20002c6c        -       0x00000004   Zero   RW          442    .bss.xNumberOfSuccessfulFrees  heap_4.o
    0x20002c70        -       0x00000004   Zero   RW          701    .bss.xPendedTicks   tasks.o
    0x20002c74        -       0x00000014   Zero   RW          693    .bss.xPendingReadyList  tasks.o
    0x20002c88        -       0x00000004   Zero   RW          685    .bss.xSchedulerRunning  tasks.o
    0x20002c8c        -       0x00000008   Zero   RW          438    .bss.xStart         heap_4.o
    0x20002c94        -       0x00000004   Zero   RW           34    .bss.xStateQueue    ledtoggle.o
    0x20002c98        -       0x00000014   Zero   RW          694    .bss.xSuspendedTaskList  tasks.o
    0x20002cac        -       0x00000014   Zero   RW          686    .bss.xTasksWaitingTermination  tasks.o
    0x20002cc0        -       0x00000004   Zero   RW          690    .bss.xTickCount     tasks.o
    0x20002cc4        -       0x00000004   Zero   RW          781    .bss.xTimerQueue    timers.o
    0x20002cc8        -       0x00000004   Zero   RW          783    .bss.xTimerTaskHandle  timers.o
    0x20002ccc        -       0x00000004   Zero   RW          697    .bss.xYieldPendings  tasks.o
    0x20002cd0        -       0x00000200   Zero   RW          297    HEAP                startup_stm32l476xx.o
    0x20002ed0        -       0x00000400   Zero   RW          296    STACK               startup_stm32l476xx.o


==============================================================================

Image component sizes


      Code (inc. data)   RO Data    RW Data    ZI Data      Debug   Object Name

       120          0          0          0          4       1696   censor.o
       422          0          0          0        420       4102   clib_os.o
        46          0          0          0          0      29668   cmsis_os2.o
       556          0          0          0          0       2853   data.o
      1368          0          0          0       8220       4678   heap_4.o
      1042          4        288          0          8       7974   ledtoggle.o
       238          0          0          0          0       2194   list.o
       322          0         42          0          0       4741   main.o
       126          0          0          0          0        694   my_queues.o
      1170         16          0          4          5       3609   port.o
      3652          0          0          0          0      15353   queue.o
        64         26        392          0       1536        876   startup_stm32l476xx.o
        18          0          0          4          0       2966   system_stm32l4xx.o
      5762          0          9          0       2488      27873   tasks.o
      1306         10          8          0        220      11346   timers.o

    ----------------------------------------------------------------------
     16316         56        772          8      12904     120623   Object Totals
         0          0         32          0          0          0   (incl. Generated)
       104          0          1          0          3          0   (incl. Padding)

    ----------------------------------------------------------------------

      Code (inc. data)   RO Data    RW Data    ZI Data      Debug   Library Member Name

         8          0          0          0          0         68   __main.o
         0          0          0          0          0          0   __rtentry.o
        20          0          0          0          0          0   __rtentry2.o
         6          0          0          0          0          0   __rtentry4.o
        94          8          0          0          0          0   __scatter.o
        26          0          0          0          0          0   __scatter_copy.o
        28          0          0          0          0          0   __scatter_zi.o
        16          0          0          0          0         68   aeabi_memset4.o
        18          0          0          0          0         80   exit.o
         6          0          0          0          0        152   heapauxi.o
         0          0          0          0          0          0   indicate_semi.o
         2          0          0          0          0          0   libinit.o
         6          0          0          0          0          0   libinit2.o
         2          0          0          0          0          0   libshutdown.o
         2          0          0          0          0          0   libshutdown2.o
         8          4          0          0         96         68   libspace.o
        68          0          0          0          0         68   rt_memclr.o
        78          0          0          0          0         80   rt_memclr_w.o
       138          0          0          0          0         68   rt_memcpy_v6.o
       100          0          0          0          0         80   rt_memcpy_w.o
         2          0          0          0          0          0   rtexit.o
        10          0          0          0          0          0   rtexit2.o
        12          4          0          0          0         68   sys_exit.o
        74          0          0          0          0         80   sys_stackheap_outer.o
         2          0          0          0          0         68   use_no_semi.o
        26          0          0          0          0        116   fpinit.o

    ----------------------------------------------------------------------
       764         16          0          0         96       1064   Library Totals
        12          0          0          0          0          0   (incl. Padding)

    ----------------------------------------------------------------------

      Code (inc. data)   RO Data    RW Data    ZI Data      Debug   Library Name

       726         16          0          0         96        948   c_w.l
        26          0          0          0          0        116   fz_wm.l

    ----------------------------------------------------------------------
       764         16          0          0         96       1064   Library Totals

    ----------------------------------------------------------------------

==============================================================================


      Code (inc. data)   RO Data    RW Data    ZI Data      Debug   

     17080         72        772          8      13000     121079   Grand Totals
     17080         72        772          8      13000     121079   ELF Image Totals
     17080         72        772          8          0          0   ROM Totals

==============================================================================

    Total RO  Size (Code + RO Data)                17852 (  17.43kB)
    Total RW  Size (RW Data + ZI Data)             13008 (  12.70kB)
    Total ROM Size (Code + RO Data + RW Data)      17860 (  17.44kB)

==============================================================================

